Archive member included to satisfy reference by file (symbol)

/home/ivanm/st/stm32cubeide_1.13.2_3/plugins/com.st.stm32cube.ide.mcu.externaltools.gnu-tools-for-stm32.11.3.rel1.linux64_1.1.1.202309131626/tools/bin/../lib/gcc/arm-none-eabi/11.3.1/../../../../arm-none-eabi/lib/thumb/v7e-m+fp/hard/libc_nano.a(libc_a-exit.o)
                              /home/ivanm/st/stm32cubeide_1.13.2_3/plugins/com.st.stm32cube.ide.mcu.externaltools.gnu-tools-for-stm32.11.3.rel1.linux64_1.1.1.202309131626/tools/bin/../lib/gcc/arm-none-eabi/11.3.1/../../../../arm-none-eabi/lib/thumb/v7e-m+fp/hard/crt0.o (exit)
/home/ivanm/st/stm32cubeide_1.13.2_3/plugins/com.st.stm32cube.ide.mcu.externaltools.gnu-tools-for-stm32.11.3.rel1.linux64_1.1.1.202309131626/tools/bin/../lib/gcc/arm-none-eabi/11.3.1/../../../../arm-none-eabi/lib/thumb/v7e-m+fp/hard/libc_nano.a(libc_a-findfp.o)
                              /home/ivanm/st/stm32cubeide_1.13.2_3/plugins/com.st.stm32cube.ide.mcu.externaltools.gnu-tools-for-stm32.11.3.rel1.linux64_1.1.1.202309131626/tools/bin/../lib/gcc/arm-none-eabi/11.3.1/../../../../arm-none-eabi/lib/thumb/v7e-m+fp/hard/libc_nano.a(libc_a-exit.o) (__stdio_exit_handler)
/home/ivanm/st/stm32cubeide_1.13.2_3/plugins/com.st.stm32cube.ide.mcu.externaltools.gnu-tools-for-stm32.11.3.rel1.linux64_1.1.1.202309131626/tools/bin/../lib/gcc/arm-none-eabi/11.3.1/../../../../arm-none-eabi/lib/thumb/v7e-m+fp/hard/libc_nano.a(libc_a-fwalk.o)
                              /home/ivanm/st/stm32cubeide_1.13.2_3/plugins/com.st.stm32cube.ide.mcu.externaltools.gnu-tools-for-stm32.11.3.rel1.linux64_1.1.1.202309131626/tools/bin/../lib/gcc/arm-none-eabi/11.3.1/../../../../arm-none-eabi/lib/thumb/v7e-m+fp/hard/libc_nano.a(libc_a-findfp.o) (_fwalk_sglue)
/home/ivanm/st/stm32cubeide_1.13.2_3/plugins/com.st.stm32cube.ide.mcu.externaltools.gnu-tools-for-stm32.11.3.rel1.linux64_1.1.1.202309131626/tools/bin/../lib/gcc/arm-none-eabi/11.3.1/../../../../arm-none-eabi/lib/thumb/v7e-m+fp/hard/libc_nano.a(libc_a-stdio.o)
                              /home/ivanm/st/stm32cubeide_1.13.2_3/plugins/com.st.stm32cube.ide.mcu.externaltools.gnu-tools-for-stm32.11.3.rel1.linux64_1.1.1.202309131626/tools/bin/../lib/gcc/arm-none-eabi/11.3.1/../../../../arm-none-eabi/lib/thumb/v7e-m+fp/hard/libc_nano.a(libc_a-findfp.o) (__sread)
/home/ivanm/st/stm32cubeide_1.13.2_3/plugins/com.st.stm32cube.ide.mcu.externaltools.gnu-tools-for-stm32.11.3.rel1.linux64_1.1.1.202309131626/tools/bin/../lib/gcc/arm-none-eabi/11.3.1/../../../../arm-none-eabi/lib/thumb/v7e-m+fp/hard/libc_nano.a(libc_a-memset.o)
                              /home/ivanm/st/stm32cubeide_1.13.2_3/plugins/com.st.stm32cube.ide.mcu.externaltools.gnu-tools-for-stm32.11.3.rel1.linux64_1.1.1.202309131626/tools/bin/../lib/gcc/arm-none-eabi/11.3.1/../../../../arm-none-eabi/lib/thumb/v7e-m+fp/hard/crt0.o (memset)
/home/ivanm/st/stm32cubeide_1.13.2_3/plugins/com.st.stm32cube.ide.mcu.externaltools.gnu-tools-for-stm32.11.3.rel1.linux64_1.1.1.202309131626/tools/bin/../lib/gcc/arm-none-eabi/11.3.1/../../../../arm-none-eabi/lib/thumb/v7e-m+fp/hard/libc_nano.a(libc_a-closer.o)
                              /home/ivanm/st/stm32cubeide_1.13.2_3/plugins/com.st.stm32cube.ide.mcu.externaltools.gnu-tools-for-stm32.11.3.rel1.linux64_1.1.1.202309131626/tools/bin/../lib/gcc/arm-none-eabi/11.3.1/../../../../arm-none-eabi/lib/thumb/v7e-m+fp/hard/libc_nano.a(libc_a-stdio.o) (_close_r)
/home/ivanm/st/stm32cubeide_1.13.2_3/plugins/com.st.stm32cube.ide.mcu.externaltools.gnu-tools-for-stm32.11.3.rel1.linux64_1.1.1.202309131626/tools/bin/../lib/gcc/arm-none-eabi/11.3.1/../../../../arm-none-eabi/lib/thumb/v7e-m+fp/hard/libc_nano.a(libc_a-reent.o)
                              /home/ivanm/st/stm32cubeide_1.13.2_3/plugins/com.st.stm32cube.ide.mcu.externaltools.gnu-tools-for-stm32.11.3.rel1.linux64_1.1.1.202309131626/tools/bin/../lib/gcc/arm-none-eabi/11.3.1/../../../../arm-none-eabi/lib/thumb/v7e-m+fp/hard/libc_nano.a(libc_a-closer.o) (errno)
/home/ivanm/st/stm32cubeide_1.13.2_3/plugins/com.st.stm32cube.ide.mcu.externaltools.gnu-tools-for-stm32.11.3.rel1.linux64_1.1.1.202309131626/tools/bin/../lib/gcc/arm-none-eabi/11.3.1/../../../../arm-none-eabi/lib/thumb/v7e-m+fp/hard/libc_nano.a(libc_a-impure.o)
                              /home/ivanm/st/stm32cubeide_1.13.2_3/plugins/com.st.stm32cube.ide.mcu.externaltools.gnu-tools-for-stm32.11.3.rel1.linux64_1.1.1.202309131626/tools/bin/../lib/gcc/arm-none-eabi/11.3.1/../../../../arm-none-eabi/lib/thumb/v7e-m+fp/hard/libc_nano.a(libc_a-reent.o) (_impure_ptr)
/home/ivanm/st/stm32cubeide_1.13.2_3/plugins/com.st.stm32cube.ide.mcu.externaltools.gnu-tools-for-stm32.11.3.rel1.linux64_1.1.1.202309131626/tools/bin/../lib/gcc/arm-none-eabi/11.3.1/../../../../arm-none-eabi/lib/thumb/v7e-m+fp/hard/libc_nano.a(libc_a-lseekr.o)
[...]
Memory Configuration

Name             Origin             Length             Attributes
RAM              0x0000000020000000 0x0000000000010000 xrw
FLASH            0x0000000008000000 0x0000000000040000 xr
*default*        0x0000000000000000 0xffffffffffffffff

Linker script and memory map

LOAD /home/ivanm/st/stm32cubeide_1.13.2_3/plugins/com.st.stm32cube.ide.mcu.externaltools.gnu-tools-for-stm32.11.3.rel1.linux64_1.1.1.202309131626/tools/bin/../lib/gcc/arm-none-eabi/11.3.1/thumb/v7e-m+fp/hard/crti.o
LOAD /home/ivanm/st/stm32cubeide_1.13.2_3/plugins/com.st.stm32cube.ide.mcu.externaltools.gnu-tools-for-stm32.11.3.rel1.linux64_1.1.1.202309131626/tools/bin/../lib/gcc/arm-none-eabi/11.3.1/thumb/v7e-m+fp/hard/crtbegin.o
LOAD /home/ivanm/st/stm32cubeide_1.13.2_3/plugins/com.st.stm32cube.ide.mcu.externaltools.gnu-tools-for-stm32.11.3.rel1.linux64_1.1.1.202309131626/tools/bin/../lib/gcc/arm-none-eabi/11.3.1/../../../../arm-none-eabi/lib/thumb/v7e-m+fp/hard/crt0.o
LOAD ./Core/Src/main.o
LOAD ./Core/Src/stm32f4xx_hal_msp.o
LOAD ./Core/Src/stm32f4xx_it.o
LOAD ./Core/Src/syscalls.o
LOAD ./Core/Src/sysmem.o
LOAD ./Core/Src/system_stm32f4xx.o
LOAD ./Core/Startup/startup_stm32f401ccux.o
LOAD ./Drivers/STM32F4xx_HAL_Driver/Src/stm32f4xx_hal.o
LOAD ./Drivers/STM32F4xx_HAL_Driver/Src/stm32f4xx_hal_cortex.o
LOAD ./Drivers/STM32F4xx_HAL_Driver/Src/stm32f4xx_hal_dma.o
LOAD ./Drivers/STM32F4xx_HAL_Driver/Src/stm32f4xx_hal_dma_ex.o
LOAD ./Drivers/STM32F4xx_HAL_Driver/Src/stm32f4xx_hal_exti.o
LOAD ./Drivers/STM32F4xx_HAL_Driver/Src/stm32f4xx_hal_flash.o
LOAD ./Drivers/STM32F4xx_HAL_Driver/Src/stm32f4xx_hal_flash_ex.o
LOAD ./Drivers/STM32F4xx_HAL_Driver/Src/stm32f4xx_hal_flash_ramfunc.o
LOAD ./Drivers/STM32F4xx_HAL_Driver/Src/stm32f4xx_hal_gpio.o
LOAD ./Drivers/STM32F4xx_HAL_Driver/Src/stm32f4xx_hal_i2c.o
LOAD ./Drivers/STM32F4xx_HAL_Driver/Src/stm32f4xx_hal_i2c_ex.o
LOAD ./Drivers/STM32F4xx_HAL_Driver/Src/stm32f4xx_hal_pcd.o
LOAD ./Drivers/STM32F4xx_HAL_Driver/Src/stm32f4xx_hal_pcd_ex.o
LOAD ./Drivers/STM32F4xx_HAL_Driver/Src/stm32f4xx_hal_pwr.o
LOAD ./Drivers/STM32F4xx_HAL_Driver/Src/stm32f4xx_hal_pwr_ex.o
LOAD ./Drivers/STM32F4xx_HAL_Driver/Src/stm32f4xx_hal_rcc.o
LOAD ./Drivers/STM32F4xx_HAL_Driver/Src/stm32f4xx_hal_rcc_ex.o
LOAD ./Drivers/STM32F4xx_HAL_Driver/Src/stm32f4xx_hal_tim.o
LOAD ./Drivers/STM32F4xx_HAL_Driver/Src/stm32f4xx_hal_tim_ex.o
LOAD ./Drivers/STM32F4xx_HAL_Driver/Src/stm32f4xx_ll_usb.o
LOAD ./Middlewares/ST/STM32_USB_Device_Library/Class/CDC/Src/usbd_cdc.o
LOAD ./Middlewares/ST/STM32_USB_Device_Library/Core/Src/usbd_core.o
LOAD ./Middlewares/ST/STM32_USB_Device_Library/Core/Src/usbd_ctlreq.o
LOAD ./Middlewares/ST/STM32_USB_Device_Library/Core/Src/usbd_ioreq.o
LOAD ./USB_DEVICE/App/usb_device.o
LOAD ./USB_DEVICE/App/usbd_cdc_if.o
LOAD ./USB_DEVICE/App/usbd_desc.o
LOAD ./USB_DEVICE/Target/usbd_conf.o
START GROUP
LOAD /home/ivanm/st/stm32cubeide_1.13.2_3/plugins/com.st.stm32cube.ide.mcu.externaltools.gnu-tools-for-stm32.11.3.rel1.linux64_1.1.1.202309131626/tools/bin/../lib/gcc/arm-none-eabi/11.3.1/../../../../arm-none-eabi/lib/thumb/v7e-m+fp/hard/libc_nano.a
LOAD /home/ivanm/st/stm32cubeide_1.13.2_3/plugins/com.st.stm32cube.ide.mcu.externaltools.gnu-tools-for-stm32.11.3.rel1.linux64_1.1.1.202309131626/tools/bin/../lib/gcc/arm-none-eabi/11.3.1/../../../../arm-none-eabi/lib/thumb/v7e-m+fp/hard/libm.a
END GROUP
START GROUP
LOAD /home/ivanm/st/stm32cubeide_1.13.2_3/plugins/com.st.stm32cube.ide.mcu.externaltools.gnu-tools-for-stm32.11.3.rel1.linux64_1.1.1.202309131626/tools/bin/../lib/gcc/arm-none-eabi/11.3.1/thumb/v7e-m+fp/hard/libgcc.a
LOAD /home/ivanm/st/stm32cubeide_1.13.2_3/plugins/com.st.stm32cube.ide.mcu.externaltools.gnu-tools-for-stm32.11.3.rel1.linux64_1.1.1.202309131626/tools/bin/../lib/gcc/arm-none-eabi/11.3.1/../../../../arm-none-eabi/lib/thumb/v7e-m+fp/hard/libc_nano.a
END GROUP
START GROUP
LOAD /home/ivanm/st/stm32cubeide_1.13.2_3/plugins/com.st.stm32cube.ide.mcu.externaltools.gnu-tools-for-stm32.11.3.rel1.linux64_1.1.1.202309131626/tools/bin/../lib/gcc/arm-none-eabi/11.3.1/thumb/v7e-m+fp/hard/libgcc.a
LOAD /home/ivanm/st/stm32cubeide_1.13.2_3/plugins/com.st.stm32cube.ide.mcu.externaltools.gnu-tools-for-stm32.11.3.rel1.linux64_1.1.1.202309131626/tools/bin/../lib/gcc/arm-none-eabi/11.3.1/../../../../arm-none-eabi/lib/thumb/v7e-m+fp/hard/libc_nano.a
LOAD /home/ivanm/st/stm32cubeide_1.13.2_3/plugins/com.st.stm32cube.ide.mcu.externaltools.gnu-tools-for-stm32.11.3.rel1.linux64_1.1.1.202309131626/tools/bin/../lib/gcc/arm-none-eabi/11.3.1/../../../../arm-none-eabi/lib/thumb/v7e-m+fp/hard/libnosys.a
END GROUP
START GROUP
LOAD /home/ivanm/st/stm32cubeide_1.13.2_3/plugins/com.st.stm32cube.ide.mcu.externaltools.gnu-tools-for-stm32.11.3.rel1.linux64_1.1.1.202309131626/tools/bin/../lib/gcc/arm-none-eabi/11.3.1/thumb/v7e-m+fp/hard/libgcc.a
LOAD /home/ivanm/st/stm32cubeide_1.13.2_3/plugins/com.st.stm32cube.ide.mcu.externaltools.gnu-tools-for-stm32.11.3.rel1.linux64_1.1.1.202309131626/tools/bin/../lib/gcc/arm-none-eabi/11.3.1/../../../../arm-none-eabi/lib/thumb/v7e-m+fp/hard/libc_nano.a
LOAD /home/ivanm/st/stm32cubeide_1.13.2_3/plugins/com.st.stm32cube.ide.mcu.externaltools.gnu-tools-for-stm32.11.3.rel1.linux64_1.1.1.202309131626/tools/bin/../lib/gcc/arm-none-eabi/11.3.1/../../../../arm-none-eabi/lib/thumb/v7e-m+fp/hard/libnosys.a
END GROUP
LOAD /home/ivanm/st/stm32cubeide_1.13.2_3/plugins/com.st.stm32cube.ide.mcu.externaltools.gnu-tools-for-stm32.11.3.rel1.linux64_1.1.1.202309131626/tools/bin/../lib/gcc/arm-none-eabi/11.3.1/thumb/v7e-m+fp/hard/crtend.o
LOAD /home/ivanm/st/stm32cubeide_1.13.2_3/plugins/com.st.stm32cube.ide.mcu.externaltools.gnu-tools-for-stm32.11.3.rel1.linux64_1.1.1.202309131626/tools/bin/../lib/gcc/arm-none-eabi/11.3.1/thumb/v7e-m+fp/hard/crtn.o
                0x0000000020010000                _estack = (ORIGIN (RAM) + LENGTH (RAM))
                0x0000000000000200                _Min_Heap_Size = 0x200
                0x0000000000000400                _Min_Stack_Size = 0x400

.isr_vector     0x0000000008000000      0x194
                0x0000000008000000                . = ALIGN (0x4)
 *(.isr_vector)
 .isr_vector    0x0000000008000000      0x194 ./Core/Startup/startup_stm32f401ccux.o
                0x0000000008000000                g_pfnVectors
                0x0000000008000194                . = ALIGN (0x4)

.text           0x0000000008000194     0x843c
                0x0000000008000194                . = ALIGN (0x4)
 *(.text)
 .text          0x0000000008000194       0x40 /home/ivanm/st/stm32cubeide_1.13.2_3/plugins/com.st.stm32cube.ide.mcu.externaltools.gnu-tools-for-stm32.11.3.rel1.linux64_1.1.1.202309131626/tools/bin/../lib/gcc/arm-none-eabi/11.3.1/thumb/v7e-m+fp/hard/crtbegin.o
 .text          0x00000000080001d4       0x30 /home/ivanm/st/stm32cubeide_1.13.2_3/plugins/com.st.stm32cube.ide.mcu.externaltools.gnu-tools-for-stm32.11.3.rel1.linux64_1.1.1.202309131626/tools/bin/../lib/gcc/arm-none-eabi/11.3.1/thumb/v7e-m+fp/hard/libgcc.a(_aeabi_uldivmod.o)
                0x00000000080001d4                __aeabi_uldivmod
 .text          0x0000000008000204      0x2c8 /home/ivanm/st/stm32cubeide_1.13.2_3/plugins/com.st.stm32cube.ide.mcu.externaltools.gnu-tools-for-stm32.11.3.rel1.linux64_1.1.1.202309131626/tools/bin/../lib/gcc/arm-none-eabi/11.3.1/thumb/v7e-m+fp/hard/libgcc.a(_udivmoddi4.o)
                0x0000000008000204                __udivmoddi4
 .text          0x00000000080004cc        0x4 /home/ivanm/st/stm32cubeide_1.13.2_3/plugins/com.st.stm32cube.ide.mcu.externaltools.gnu-tools-for-stm32.11.3.rel1.linux64_1.1.1.202309131626/tools/bin/../lib/gcc/arm-none-eabi/11.3.1/thumb/v7e-m+fp/hard/libgcc.a(_dvmd_tls.o)
                0x00000000080004cc                __aeabi_ldiv0
                0x00000000080004cc                __aeabi_idiv0
 *(.text*)
 .text.main     0x00000000080004d0      0x1d4 ./Core/Src/main.o
                0x00000000080004d0                main
 .text.SystemClock_Config
                0x00000000080006a4       0xd8 ./Core/Src/main.o
                0x00000000080006a4                SystemClock_Config
 .text.MX_I2C1_Init
                0x000000000800077c       0x5c ./Core/Src/main.o
 .text.MX_TIM2_Init
                0x00000000080007d8       0xf4 ./Core/Src/main.o
 .text.MX_GPIO_Init
                0x00000000080008cc       0xc0 ./Core/Src/main.o
 .text.Error_Handler
                0x000000000800098c        0xa ./Core/Src/main.o
                0x000000000800098c                Error_Handler
 *fill*         0x0000000008000996        0x2 
 .text.HAL_MspInit
                0x0000000008000998       0x50 ./Core/Src/stm32f4xx_hal_msp.o
                0x0000000008000998                HAL_MspInit
 .text.HAL_I2C_MspInit
                0x00000000080009e8       0x90 ./Core/Src/stm32f4xx_hal_msp.o
                0x00000000080009e8                HAL_I2C_MspInit
 .text.HAL_TIM_PWM_MspInit
                0x0000000008000a78       0x40 ./Core/Src/stm32f4xx_hal_msp.o
                0x0000000008000a78                HAL_TIM_PWM_MspInit
 .text.HAL_TIM_MspPostInit
                0x0000000008000ab8       0x70 ./Core/Src/stm32f4xx_hal_msp.o
                0x0000000008000ab8                HAL_TIM_MspPostInit
 .text.NMI_Handler
                0x0000000008000b28        0x6 ./Core/Src/stm32f4xx_it.o
                0x0000000008000b28                NMI_Handler
 .text.HardFault_Handler
                0x0000000008000b2e        0x6 ./Core/Src/stm32f4xx_it.o
                0x0000000008000b2e                HardFault_Handler
 .text.MemManage_Handler
                0x0000000008000b34        0x6 ./Core/Src/stm32f4xx_it.o
                0x0000000008000b34                MemManage_Handler
 .text.BusFault_Handler
                0x0000000008000b3a        0x6 ./Core/Src/stm32f4xx_it.o
                0x0000000008000b3a                BusFault_Handler
 .text.UsageFault_Handler
                0x0000000008000b40        0x6 ./Core/Src/stm32f4xx_it.o
                0x0000000008000b40                UsageFault_Handler
 .text.SVC_Handler
                0x0000000008000b46        0xe ./Core/Src/stm32f4xx_it.o
                0x0000000008000b46                SVC_Handler
 .text.DebugMon_Handler
                0x0000000008000b54        0xe ./Core/Src/stm32f4xx_it.o
                0x0000000008000b54                DebugMon_Handler
 .text.PendSV_Handler
                0x0000000008000b62        0xe ./Core/Src/stm32f4xx_it.o
                0x0000000008000b62                PendSV_Handler
 .text.SysTick_Handler
                0x0000000008000b70        0xc ./Core/Src/stm32f4xx_it.o
                0x0000000008000b70                SysTick_Handler
 .text.OTG_FS_IRQHandler
                0x0000000008000b7c       0x14 ./Core/Src/stm32f4xx_it.o
                0x0000000008000b7c                OTG_FS_IRQHandler
 .text.SystemInit
                0x0000000008000b90       0x24 ./Core/Src/system_stm32f4xx.o
                0x0000000008000b90                SystemInit
 .text.Reset_Handler
                0x0000000008000bb4       0x50 ./Core/Startup/startup_stm32f401ccux.o
                0x0000000008000bb4                Reset_Handler
 .text.Default_Handler
                0x0000000008000c04        0x2 ./Core/Startup/startup_stm32f401ccux.o
                0x0000000008000c04                RTC_Alarm_IRQHandler
                0x0000000008000c04                EXTI2_IRQHandler
                0x0000000008000c04                SPI4_IRQHandler
                0x0000000008000c04                TIM1_CC_IRQHandler
                0x0000000008000c04                DMA2_Stream5_IRQHandler
                0x0000000008000c04                DMA1_Stream5_IRQHandler
                0x0000000008000c04                PVD_IRQHandler
                0x0000000008000c04                SDIO_IRQHandler
                0x0000000008000c04                TAMP_STAMP_IRQHandler
                0x0000000008000c04                EXTI3_IRQHandler
                0x0000000008000c04                TIM1_UP_TIM10_IRQHandler
                0x0000000008000c04                I2C3_ER_IRQHandler
                0x0000000008000c04                EXTI0_IRQHandler
                0x0000000008000c04                I2C2_EV_IRQHandler
                0x0000000008000c04                DMA1_Stream2_IRQHandler
                0x0000000008000c04                FPU_IRQHandler
                0x0000000008000c04                DMA2_Stream2_IRQHandler
                0x0000000008000c04                SPI1_IRQHandler
                0x0000000008000c04                TIM1_BRK_TIM9_IRQHandler
                0x0000000008000c04                DMA2_Stream3_IRQHandler
                0x0000000008000c04                USART6_IRQHandler
                0x0000000008000c04                DMA2_Stream0_IRQHandler
                0x0000000008000c04                TIM4_IRQHandler
                0x0000000008000c04                I2C1_EV_IRQHandler
                0x0000000008000c04                DMA1_Stream6_IRQHandler
                0x0000000008000c04                DMA1_Stream1_IRQHandler
                0x0000000008000c04                TIM3_IRQHandler
                0x0000000008000c04                RCC_IRQHandler
                0x0000000008000c04                Default_Handler
                0x0000000008000c04                EXTI15_10_IRQHandler
                0x0000000008000c04                ADC_IRQHandler
                0x0000000008000c04                DMA1_Stream7_IRQHandler
                0x0000000008000c04                TIM5_IRQHandler
                0x0000000008000c04                DMA2_Stream7_IRQHandler
                0x0000000008000c04                I2C3_EV_IRQHandler
                0x0000000008000c04                EXTI9_5_IRQHandler
                0x0000000008000c04                RTC_WKUP_IRQHandler
                0x0000000008000c04                SPI2_IRQHandler
                0x0000000008000c04                DMA1_Stream0_IRQHandler
                0x0000000008000c04                EXTI4_IRQHandler
                0x0000000008000c04                WWDG_IRQHandler
                0x0000000008000c04                TIM2_IRQHandler
                0x0000000008000c04                OTG_FS_WKUP_IRQHandler
                0x0000000008000c04                TIM1_TRG_COM_TIM11_IRQHandler
                0x0000000008000c04                EXTI1_IRQHandler
                0x0000000008000c04                USART2_IRQHandler
                0x0000000008000c04                I2C2_ER_IRQHandler
                0x0000000008000c04                DMA2_Stream1_IRQHandler
                0x0000000008000c04                FLASH_IRQHandler
                0x0000000008000c04                DMA2_Stream4_IRQHandler
                0x0000000008000c04                USART1_IRQHandler
                0x0000000008000c04                SPI3_IRQHandler
                0x0000000008000c04                DMA1_Stream4_IRQHandler
                0x0000000008000c04                I2C1_ER_IRQHandler
                0x0000000008000c04                DMA2_Stream6_IRQHandler
                0x0000000008000c04                DMA1_Stream3_IRQHandler
 *fill*         0x0000000008000c06        0x2 
 .text.HAL_Init
                0x0000000008000c08       0x44 ./Drivers/STM32F4xx_HAL_Driver/Src/stm32f4xx_hal.o
                0x0000000008000c08                HAL_Init
 .text.HAL_InitTick
                0x0000000008000c4c       0x60 ./Drivers/STM32F4xx_HAL_Driver/Src/stm32f4xx_hal.o
                0x0000000008000c4c                HAL_InitTick
 .text.HAL_IncTick
                0x0000000008000cac       0x28 ./Drivers/STM32F4xx_HAL_Driver/Src/stm32f4xx_hal.o
                0x0000000008000cac                HAL_IncTick
 .text.HAL_GetTick
                0x0000000008000cd4       0x18 ./Drivers/STM32F4xx_HAL_Driver/Src/stm32f4xx_hal.o
                0x0000000008000cd4                HAL_GetTick
 .text.HAL_Delay
                0x0000000008000cec       0x48 ./Drivers/STM32F4xx_HAL_Driver/Src/stm32f4xx_hal.o
                0x0000000008000cec                HAL_Delay
 .text.__NVIC_SetPriorityGrouping
                0x0000000008000d34       0x48 ./Drivers/STM32F4xx_HAL_Driver/Src/stm32f4xx_hal_cortex.o
 .text.__NVIC_GetPriorityGrouping
                0x0000000008000d7c       0x1c ./Drivers/STM32F4xx_HAL_Driver/Src/stm32f4xx_hal_cortex.o
 .text.__NVIC_EnableIRQ
                0x0000000008000d98       0x3c ./Drivers/STM32F4xx_HAL_Driver/Src/stm32f4xx_hal_cortex.o
 .text.__NVIC_SetPriority
                0x0000000008000dd4       0x54 ./Drivers/STM32F4xx_HAL_Driver/Src/stm32f4xx_hal_cortex.o
 .text.NVIC_EncodePriority
                0x0000000008000e28       0x66 ./Drivers/STM32F4xx_HAL_Driver/Src/stm32f4xx_hal_cortex.o
 *fill*         0x0000000008000e8e        0x2 
 .text.SysTick_Config
                0x0000000008000e90       0x44 ./Drivers/STM32F4xx_HAL_Driver/Src/stm32f4xx_hal_cortex.o
 .text.HAL_NVIC_SetPriorityGrouping
                0x0000000008000ed4       0x16 ./Drivers/STM32F4xx_HAL_Driver/Src/stm32f4xx_hal_cortex.o
                0x0000000008000ed4                HAL_NVIC_SetPriorityGrouping
 .text.HAL_NVIC_SetPriority
                0x0000000008000eea       0x38 ./Drivers/STM32F4xx_HAL_Driver/Src/stm32f4xx_hal_cortex.o
                0x0000000008000eea                HAL_NVIC_SetPriority
 .text.HAL_NVIC_EnableIRQ
                0x0000000008000f22       0x1c ./Drivers/STM32F4xx_HAL_Driver/Src/stm32f4xx_hal_cortex.o
                0x0000000008000f22                HAL_NVIC_EnableIRQ
 .text.HAL_SYSTICK_Config
                0x0000000008000f3e       0x18 ./Drivers/STM32F4xx_HAL_Driver/Src/stm32f4xx_hal_cortex.o
                0x0000000008000f3e                HAL_SYSTICK_Config
 *fill*         0x0000000008000f56        0x2 
 .text.HAL_GPIO_Init
                0x0000000008000f58      0x308 ./Drivers/STM32F4xx_HAL_Driver/Src/stm32f4xx_hal_gpio.o
                0x0000000008000f58                HAL_GPIO_Init
 .text.HAL_GPIO_WritePin
                0x0000000008001260       0x32 ./Drivers/STM32F4xx_HAL_Driver/Src/stm32f4xx_hal_gpio.o
                0x0000000008001260                HAL_GPIO_WritePin
 *fill*         0x0000000008001292        0x2 
 .text.HAL_I2C_Init
                0x0000000008001294      0x288 ./Drivers/STM32F4xx_HAL_Driver/Src/stm32f4xx_hal_i2c.o
                0x0000000008001294                HAL_I2C_Init
 .text.HAL_I2C_Mem_Write
                0x000000000800151c      0x1f4 ./Drivers/STM32F4xx_HAL_Driver/Src/stm32f4xx_hal_i2c.o
                0x000000000800151c                HAL_I2C_Mem_Write
 .text.HAL_I2C_IsDeviceReady
                0x0000000008001710      0x25c ./Drivers/STM32F4xx_HAL_Driver/Src/stm32f4xx_hal_i2c.o
                0x0000000008001710                HAL_I2C_IsDeviceReady
 .text.I2C_RequestMemoryWrite
                0x000000000800196c      0x12c ./Drivers/STM32F4xx_HAL_Driver/Src/stm32f4xx_hal_i2c.o
 .text.I2C_WaitOnFlagUntilTimeout
                0x0000000008001a98       0xae ./Drivers/STM32F4xx_HAL_Driver/Src/stm32f4xx_hal_i2c.o
 .text.I2C_WaitOnMasterAddressFlagUntilTimeout
                0x0000000008001b46       0xfe ./Drivers/STM32F4xx_HAL_Driver/Src/stm32f4xx_hal_i2c.o
 .text.I2C_WaitOnTXEFlagUntilTimeout
                0x0000000008001c44       0x82 ./Drivers/STM32F4xx_HAL_Driver/Src/stm32f4xx_hal_i2c.o
 .text.I2C_WaitOnBTFFlagUntilTimeout
                0x0000000008001cc6       0x82 ./Drivers/STM32F4xx_HAL_Driver/Src/stm32f4xx_hal_i2c.o
 .text.I2C_IsAcknowledgeFailed
                0x0000000008001d48       0x5e ./Drivers/STM32F4xx_HAL_Driver/Src/stm32f4xx_hal_i2c.o
 .text.HAL_PCD_Init
                0x0000000008001da6      0x23a ./Drivers/STM32F4xx_HAL_Driver/Src/stm32f4xx_hal_pcd.o
                0x0000000008001da6                HAL_PCD_Init
 .text.HAL_PCD_Start
                0x0000000008001fe0       0x66 ./Drivers/STM32F4xx_HAL_Driver/Src/stm32f4xx_hal_pcd.o
                0x0000000008001fe0                HAL_PCD_Start
 .text.HAL_PCD_IRQHandler
                0x0000000008002046      0x93e ./Drivers/STM32F4xx_HAL_Driver/Src/stm32f4xx_hal_pcd.o
                0x0000000008002046                HAL_PCD_IRQHandler
 .text.HAL_PCD_SetAddress
                0x0000000008002984       0x4a ./Drivers/STM32F4xx_HAL_Driver/Src/stm32f4xx_hal_pcd.o
                0x0000000008002984                HAL_PCD_SetAddress
 .text.HAL_PCD_EP_Open
                0x00000000080029ce       0xd0 ./Drivers/STM32F4xx_HAL_Driver/Src/stm32f4xx_hal_pcd.o
                0x00000000080029ce                HAL_PCD_EP_Open
 .text.HAL_PCD_EP_Close
                0x0000000008002a9e       0x94 ./Drivers/STM32F4xx_HAL_Driver/Src/stm32f4xx_hal_pcd.o
                0x0000000008002a9e                HAL_PCD_EP_Close
 .text.HAL_PCD_EP_Receive
                0x0000000008002b32       0x96 ./Drivers/STM32F4xx_HAL_Driver/Src/stm32f4xx_hal_pcd.o
                0x0000000008002b32                HAL_PCD_EP_Receive
 .text.HAL_PCD_EP_GetRxCount
                0x0000000008002bc8       0x30 ./Drivers/STM32F4xx_HAL_Driver/Src/stm32f4xx_hal_pcd.o
                0x0000000008002bc8                HAL_PCD_EP_GetRxCount
 .text.HAL_PCD_EP_Transmit
                0x0000000008002bf8       0x94 ./Drivers/STM32F4xx_HAL_Driver/Src/stm32f4xx_hal_pcd.o
                0x0000000008002bf8                HAL_PCD_EP_Transmit
 .text.HAL_PCD_EP_SetStall
                0x0000000008002c8c       0xc8 ./Drivers/STM32F4xx_HAL_Driver/Src/stm32f4xx_hal_pcd.o
                0x0000000008002c8c                HAL_PCD_EP_SetStall
 .text.HAL_PCD_EP_ClrStall
                0x0000000008002d54       0xac ./Drivers/STM32F4xx_HAL_Driver/Src/stm32f4xx_hal_pcd.o
                0x0000000008002d54                HAL_PCD_EP_ClrStall
 .text.HAL_PCD_EP_Abort
                0x0000000008002e00       0x62 ./Drivers/STM32F4xx_HAL_Driver/Src/stm32f4xx_hal_pcd.o
                0x0000000008002e00                HAL_PCD_EP_Abort
 .text.PCD_WriteEmptyTxFifo
                0x0000000008002e62      0x11a ./Drivers/STM32F4xx_HAL_Driver/Src/stm32f4xx_hal_pcd.o
 .text.PCD_EP_OutXfrComplete_int
                0x0000000008002f7c      0x1d0 ./Drivers/STM32F4xx_HAL_Driver/Src/stm32f4xx_hal_pcd.o
 .text.PCD_EP_OutSetupPacket_int
                0x000000000800314c       0x8c ./Drivers/STM32F4xx_HAL_Driver/Src/stm32f4xx_hal_pcd.o
 .text.HAL_PCDEx_SetTxFiFo
                0x00000000080031d8       0x8e ./Drivers/STM32F4xx_HAL_Driver/Src/stm32f4xx_hal_pcd_ex.o
                0x00000000080031d8                HAL_PCDEx_SetTxFiFo
 .text.HAL_PCDEx_SetRxFiFo
                0x0000000008003266       0x22 ./Drivers/STM32F4xx_HAL_Driver/Src/stm32f4xx_hal_pcd_ex.o
                0x0000000008003266                HAL_PCDEx_SetRxFiFo
 .text.HAL_PCDEx_LPM_Callback
                0x0000000008003288       0x18 ./Drivers/STM32F4xx_HAL_Driver/Src/stm32f4xx_hal_pcd_ex.o
                0x0000000008003288                HAL_PCDEx_LPM_Callback
 .text.HAL_RCC_OscConfig
                0x00000000080032a0      0x4f0 ./Drivers/STM32F4xx_HAL_Driver/Src/stm32f4xx_hal_rcc.o
                0x00000000080032a0                HAL_RCC_OscConfig
 .text.HAL_RCC_ClockConfig
                0x0000000008003790      0x1cc ./Drivers/STM32F4xx_HAL_Driver/Src/stm32f4xx_hal_rcc.o
                0x0000000008003790                HAL_RCC_ClockConfig
 .text.HAL_RCC_GetSysClockFreq
                0x000000000800395c      0x18c ./Drivers/STM32F4xx_HAL_Driver/Src/stm32f4xx_hal_rcc.o
                0x000000000800395c                HAL_RCC_GetSysClockFreq
 .text.HAL_RCC_GetHCLKFreq
                0x0000000008003ae8       0x18 ./Drivers/STM32F4xx_HAL_Driver/Src/stm32f4xx_hal_rcc.o
                0x0000000008003ae8                HAL_RCC_GetHCLKFreq
 .text.HAL_RCC_GetPCLK1Freq
                0x0000000008003b00       0x28 ./Drivers/STM32F4xx_HAL_Driver/Src/stm32f4xx_hal_rcc.o
                0x0000000008003b00                HAL_RCC_GetPCLK1Freq
 .text.HAL_TIM_PWM_Init
                0x0000000008003b28       0x9e ./Drivers/STM32F4xx_HAL_Driver/Src/stm32f4xx_hal_tim.o
                0x0000000008003b28                HAL_TIM_PWM_Init
 *fill*         0x0000000008003bc6        0x2 
 .text.HAL_TIM_PWM_Start
                0x0000000008003bc8      0x160 ./Drivers/STM32F4xx_HAL_Driver/Src/stm32f4xx_hal_tim.o
                0x0000000008003bc8                HAL_TIM_PWM_Start
 .text.HAL_TIM_PWM_ConfigChannel
                0x0000000008003d28      0x184 ./Drivers/STM32F4xx_HAL_Driver/Src/stm32f4xx_hal_tim.o
                0x0000000008003d28                HAL_TIM_PWM_ConfigChannel
 .text.TIM_Base_SetConfig
                0x0000000008003eac      0x100 ./Drivers/STM32F4xx_HAL_Driver/Src/stm32f4xx_hal_tim.o
                0x0000000008003eac                TIM_Base_SetConfig
 .text.TIM_OC1_SetConfig
                0x0000000008003fac       0xcc ./Drivers/STM32F4xx_HAL_Driver/Src/stm32f4xx_hal_tim.o
 .text.TIM_OC2_SetConfig
                0x0000000008004078       0xd8 ./Drivers/STM32F4xx_HAL_Driver/Src/stm32f4xx_hal_tim.o
                0x0000000008004078                TIM_OC2_SetConfig
 .text.TIM_OC3_SetConfig
                0x0000000008004150       0xd4 ./Drivers/STM32F4xx_HAL_Driver/Src/stm32f4xx_hal_tim.o
 .text.TIM_OC4_SetConfig
                0x0000000008004224       0xa0 ./Drivers/STM32F4xx_HAL_Driver/Src/stm32f4xx_hal_tim.o
 .text.TIM_CCxChannelCmd
                0x00000000080042c4       0x4a ./Drivers/STM32F4xx_HAL_Driver/Src/stm32f4xx_hal_tim.o
                0x00000000080042c4                TIM_CCxChannelCmd
 *fill*         0x000000000800430e        0x2 
 .text.HAL_TIMEx_MasterConfigSynchronization
                0x0000000008004310       0xdc ./Drivers/STM32F4xx_HAL_Driver/Src/stm32f4xx_hal_tim_ex.o
                0x0000000008004310                HAL_TIMEx_MasterConfigSynchronization
 .text.USB_CoreInit
                0x00000000080043ec       0xc2 ./Drivers/STM32F4xx_HAL_Driver/Src/stm32f4xx_ll_usb.o
                0x00000000080043ec                USB_CoreInit
 *fill*         0x00000000080044ae        0x2 
 .text.USB_SetTurnaroundTime
                0x00000000080044b0      0x144 ./Drivers/STM32F4xx_HAL_Driver/Src/stm32f4xx_ll_usb.o
                0x00000000080044b0                USB_SetTurnaroundTime
 .text.USB_EnableGlobalInt
                0x00000000080045f4       0x22 ./Drivers/STM32F4xx_HAL_Driver/Src/stm32f4xx_ll_usb.o
                0x00000000080045f4                USB_EnableGlobalInt
 .text.USB_DisableGlobalInt
                0x0000000008004616       0x22 ./Drivers/STM32F4xx_HAL_Driver/Src/stm32f4xx_ll_usb.o
                0x0000000008004616                USB_DisableGlobalInt
 .text.USB_SetCurrentMode
                0x0000000008004638       0x98 ./Drivers/STM32F4xx_HAL_Driver/Src/stm32f4xx_ll_usb.o
                0x0000000008004638                USB_SetCurrentMode
 .text.USB_DevInit
                0x00000000080046d0      0x2c8 ./Drivers/STM32F4xx_HAL_Driver/Src/stm32f4xx_ll_usb.o
                0x00000000080046d0                USB_DevInit
 .text.USB_FlushTxFifo
                0x0000000008004998       0x68 ./Drivers/STM32F4xx_HAL_Driver/Src/stm32f4xx_ll_usb.o
                0x0000000008004998                USB_FlushTxFifo
 .text.USB_FlushRxFifo
                0x0000000008004a00       0x60 ./Drivers/STM32F4xx_HAL_Driver/Src/stm32f4xx_ll_usb.o
                0x0000000008004a00                USB_FlushRxFifo
 .text.USB_SetDevSpeed
                0x0000000008004a60       0x32 ./Drivers/STM32F4xx_HAL_Driver/Src/stm32f4xx_ll_usb.o
                0x0000000008004a60                USB_SetDevSpeed
 .text.USB_GetDevSpeed
                0x0000000008004a92       0x4a ./Drivers/STM32F4xx_HAL_Driver/Src/stm32f4xx_ll_usb.o
                0x0000000008004a92                USB_GetDevSpeed
 .text.USB_ActivateEndpoint
                0x0000000008004adc      0x10e ./Drivers/STM32F4xx_HAL_Driver/Src/stm32f4xx_ll_usb.o
                0x0000000008004adc                USB_ActivateEndpoint
 *fill*         0x0000000008004bea        0x2 
 .text.USB_DeactivateEndpoint
                0x0000000008004bec      0x1b8 ./Drivers/STM32F4xx_HAL_Driver/Src/stm32f4xx_ll_usb.o
                0x0000000008004bec                USB_DeactivateEndpoint
 .text.USB_EPStartXfer
                0x0000000008004da4      0x490 ./Drivers/STM32F4xx_HAL_Driver/Src/stm32f4xx_ll_usb.o
                0x0000000008004da4                USB_EPStartXfer
 .text.USB_EP0StartXfer
                0x0000000008005234      0x2b0 ./Drivers/STM32F4xx_HAL_Driver/Src/stm32f4xx_ll_usb.o
                0x0000000008005234                USB_EP0StartXfer
 .text.USB_EPStopXfer
                0x00000000080054e4      0x154 ./Drivers/STM32F4xx_HAL_Driver/Src/stm32f4xx_ll_usb.o
                0x00000000080054e4                USB_EPStopXfer
 .text.USB_WritePacket
                0x0000000008005638       0x7c ./Drivers/STM32F4xx_HAL_Driver/Src/stm32f4xx_ll_usb.o
                0x0000000008005638                USB_WritePacket
 .text.USB_ReadPacket
                0x00000000080056b4       0xb0 ./Drivers/STM32F4xx_HAL_Driver/Src/stm32f4xx_ll_usb.o
                0x00000000080056b4                USB_ReadPacket
 .text.USB_EPSetStall
                0x0000000008005764       0xdc ./Drivers/STM32F4xx_HAL_Driver/Src/stm32f4xx_ll_usb.o
                0x0000000008005764                USB_EPSetStall
 .text.USB_EPClearStall
                0x0000000008005840       0xcc ./Drivers/STM32F4xx_HAL_Driver/Src/stm32f4xx_ll_usb.o
                0x0000000008005840                USB_EPClearStall
 .text.USB_SetDevAddress
                0x000000000800590c       0x4c ./Drivers/STM32F4xx_HAL_Driver/Src/stm32f4xx_ll_usb.o
                0x000000000800590c                USB_SetDevAddress
 .text.USB_DevConnect
                0x0000000008005958       0x42 ./Drivers/STM32F4xx_HAL_Driver/Src/stm32f4xx_ll_usb.o
                0x0000000008005958                USB_DevConnect
 .text.USB_DevDisconnect
                0x000000000800599a       0x42 ./Drivers/STM32F4xx_HAL_Driver/Src/stm32f4xx_ll_usb.o
                0x000000000800599a                USB_DevDisconnect
 .text.USB_ReadInterrupts
                0x00000000080059dc       0x26 ./Drivers/STM32F4xx_HAL_Driver/Src/stm32f4xx_ll_usb.o
                0x00000000080059dc                USB_ReadInterrupts
 .text.USB_ReadDevAllOutEpInterrupt
                0x0000000008005a02       0x34 ./Drivers/STM32F4xx_HAL_Driver/Src/stm32f4xx_ll_usb.o
                0x0000000008005a02                USB_ReadDevAllOutEpInterrupt
 .text.USB_ReadDevAllInEpInterrupt
                0x0000000008005a36       0x34 ./Drivers/STM32F4xx_HAL_Driver/Src/stm32f4xx_ll_usb.o
                0x0000000008005a36                USB_ReadDevAllInEpInterrupt
 .text.USB_ReadDevOutEPInterrupt
                0x0000000008005a6a       0x3c ./Drivers/STM32F4xx_HAL_Driver/Src/stm32f4xx_ll_usb.o
                0x0000000008005a6a                USB_ReadDevOutEPInterrupt
 .text.USB_ReadDevInEPInterrupt
                0x0000000008005aa6       0x5c ./Drivers/STM32F4xx_HAL_Driver/Src/stm32f4xx_ll_usb.o
                0x0000000008005aa6                USB_ReadDevInEPInterrupt
 .text.USB_GetMode
                0x0000000008005b02       0x1c ./Drivers/STM32F4xx_HAL_Driver/Src/stm32f4xx_ll_usb.o
                0x0000000008005b02                USB_GetMode
 .text.USB_ActivateSetup
                0x0000000008005b1e       0x46 ./Drivers/STM32F4xx_HAL_Driver/Src/stm32f4xx_ll_usb.o
                0x0000000008005b1e                USB_ActivateSetup
 .text.USB_EP0_OutStart
                0x0000000008005b64       0xbc ./Drivers/STM32F4xx_HAL_Driver/Src/stm32f4xx_ll_usb.o
                0x0000000008005b64                USB_EP0_OutStart
 .text.USB_CoreReset
                0x0000000008005c20       0x68 ./Drivers/STM32F4xx_HAL_Driver/Src/stm32f4xx_ll_usb.o
 .text.USBD_CDC_Init
                0x0000000008005c88      0x1f0 ./Middlewares/ST/STM32_USB_Device_Library/Class/CDC/Src/usbd_cdc.o
 .text.USBD_CDC_DeInit
                0x0000000008005e78      0x104 ./Middlewares/ST/STM32_USB_Device_Library/Class/CDC/Src/usbd_cdc.o
 .text.USBD_CDC_Setup
                0x0000000008005f7c      0x1b8 ./Middlewares/ST/STM32_USB_Device_Library/Class/CDC/Src/usbd_cdc.o
 .text.USBD_CDC_DataIn
                0x0000000008006134       0xfe ./Middlewares/ST/STM32_USB_Device_Library/Class/CDC/Src/usbd_cdc.o
 .text.USBD_CDC_DataOut
                0x0000000008006232       0x70 ./Middlewares/ST/STM32_USB_Device_Library/Class/CDC/Src/usbd_cdc.o
 .text.USBD_CDC_EP0_RxReady
                0x00000000080062a2       0x76 ./Middlewares/ST/STM32_USB_Device_Library/Class/CDC/Src/usbd_cdc.o
 .text.USBD_CDC_GetFSCfgDesc
                0x0000000008006318       0x70 ./Middlewares/ST/STM32_USB_Device_Library/Class/CDC/Src/usbd_cdc.o
 .text.USBD_CDC_GetHSCfgDesc
                0x0000000008006388       0x70 ./Middlewares/ST/STM32_USB_Device_Library/Class/CDC/Src/usbd_cdc.o
 .text.USBD_CDC_GetOtherSpeedCfgDesc
                0x00000000080063f8       0x70 ./Middlewares/ST/STM32_USB_Device_Library/Class/CDC/Src/usbd_cdc.o
 .text.USBD_CDC_GetDeviceQualifierDescriptor
                0x0000000008006468       0x20 ./Middlewares/ST/STM32_USB_Device_Library/Class/CDC/Src/usbd_cdc.o
                0x0000000008006468                USBD_CDC_GetDeviceQualifierDescriptor
 .text.USBD_CDC_RegisterInterface
                0x0000000008006488       0x34 ./Middlewares/ST/STM32_USB_Device_Library/Class/CDC/Src/usbd_cdc.o
                0x0000000008006488                USBD_CDC_RegisterInterface
 .text.USBD_CDC_SetTxBuffer
                0x00000000080064bc       0x44 ./Middlewares/ST/STM32_USB_Device_Library/Class/CDC/Src/usbd_cdc.o
                0x00000000080064bc                USBD_CDC_SetTxBuffer
 .text.USBD_CDC_SetRxBuffer
                0x0000000008006500       0x3a ./Middlewares/ST/STM32_USB_Device_Library/Class/CDC/Src/usbd_cdc.o
                0x0000000008006500                USBD_CDC_SetRxBuffer
 *fill*         0x000000000800653a        0x2 
 .text.USBD_CDC_ReceivePacket
                0x000000000800653c       0x6c ./Middlewares/ST/STM32_USB_Device_Library/Class/CDC/Src/usbd_cdc.o
                0x000000000800653c                USBD_CDC_ReceivePacket
 .text.USBD_Init
                0x00000000080065a8       0x60 ./Middlewares/ST/STM32_USB_Device_Library/Core/Src/usbd_core.o
                0x00000000080065a8                USBD_Init
 .text.USBD_RegisterClass
                0x0000000008006608       0x6c ./Middlewares/ST/STM32_USB_Device_Library/Core/Src/usbd_core.o
                0x0000000008006608                USBD_RegisterClass
 .text.USBD_Start
                0x0000000008006674       0x18 ./Middlewares/ST/STM32_USB_Device_Library/Core/Src/usbd_core.o
                0x0000000008006674                USBD_Start
 .text.USBD_RunTestMode
                0x000000000800668c       0x16 ./Middlewares/ST/STM32_USB_Device_Library/Core/Src/usbd_core.o
                0x000000000800668c                USBD_RunTestMode
 .text.USBD_SetClassConfig
                0x00000000080066a2       0x38 ./Middlewares/ST/STM32_USB_Device_Library/Core/Src/usbd_core.o
                0x00000000080066a2                USBD_SetClassConfig
 .text.USBD_ClrClassConfig
                0x00000000080066da       0x34 ./Middlewares/ST/STM32_USB_Device_Library/Core/Src/usbd_core.o
                0x00000000080066da                USBD_ClrClassConfig
 .text.USBD_LL_SetupStage
                0x000000000800670e       0xaa ./Middlewares/ST/STM32_USB_Device_Library/Core/Src/usbd_core.o
                0x000000000800670e                USBD_LL_SetupStage
 .text.USBD_LL_DataOutStage
                0x00000000080067b8      0x166 ./Middlewares/ST/STM32_USB_Device_Library/Core/Src/usbd_core.o
                0x00000000080067b8                USBD_LL_DataOutStage
 .text.USBD_LL_DataInStage
                0x000000000800691e      0x164 ./Middlewares/ST/STM32_USB_Device_Library/Core/Src/usbd_core.o
                0x000000000800691e                USBD_LL_DataInStage
 .text.USBD_LL_Reset
                0x0000000008006a82       0xa4 ./Middlewares/ST/STM32_USB_Device_Library/Core/Src/usbd_core.o
                0x0000000008006a82                USBD_LL_Reset
 .text.USBD_LL_SetSpeed
                0x0000000008006b26       0x20 ./Middlewares/ST/STM32_USB_Device_Library/Core/Src/usbd_core.o
                0x0000000008006b26                USBD_LL_SetSpeed
 .text.USBD_LL_Suspend
                0x0000000008006b46       0x2c ./Middlewares/ST/STM32_USB_Device_Library/Core/Src/usbd_core.o
                0x0000000008006b46                USBD_LL_Suspend
 .text.USBD_LL_Resume
                0x0000000008006b72       0x30 ./Middlewares/ST/STM32_USB_Device_Library/Core/Src/usbd_core.o
                0x0000000008006b72                USBD_LL_Resume
 .text.USBD_LL_SOF
                0x0000000008006ba2       0x40 ./Middlewares/ST/STM32_USB_Device_Library/Core/Src/usbd_core.o
                0x0000000008006ba2                USBD_LL_SOF
 .text.USBD_LL_IsoINIncomplete
                0x0000000008006be2       0x64 ./Middlewares/ST/STM32_USB_Device_Library/Core/Src/usbd_core.o
                0x0000000008006be2                USBD_LL_IsoINIncomplete
 .text.USBD_LL_IsoOUTIncomplete
                0x0000000008006c46       0x64 ./Middlewares/ST/STM32_USB_Device_Library/Core/Src/usbd_core.o
                0x0000000008006c46                USBD_LL_IsoOUTIncomplete
 .text.USBD_LL_DevConnected
                0x0000000008006caa       0x16 ./Middlewares/ST/STM32_USB_Device_Library/Core/Src/usbd_core.o
                0x0000000008006caa                USBD_LL_DevConnected
 .text.USBD_LL_DevDisconnected
                0x0000000008006cc0       0x46 ./Middlewares/ST/STM32_USB_Device_Library/Core/Src/usbd_core.o
                0x0000000008006cc0                USBD_LL_DevDisconnected
 .text.USBD_CoreFindIF
                0x0000000008006d06       0x1a ./Middlewares/ST/STM32_USB_Device_Library/Core/Src/usbd_core.o
                0x0000000008006d06                USBD_CoreFindIF
 .text.USBD_CoreFindEP
                0x0000000008006d20       0x1a ./Middlewares/ST/STM32_USB_Device_Library/Core/Src/usbd_core.o
                0x0000000008006d20                USBD_CoreFindEP
 .text.USBD_GetEpDesc
                0x0000000008006d3a       0x74 ./Middlewares/ST/STM32_USB_Device_Library/Core/Src/usbd_core.o
                0x0000000008006d3a                USBD_GetEpDesc
 .text.USBD_GetNextDesc
                0x0000000008006dae       0x3a ./Middlewares/ST/STM32_USB_Device_Library/Core/Src/usbd_core.o
                0x0000000008006dae                USBD_GetNextDesc
 .text.SWAPBYTE
                0x0000000008006de8       0x3c ./Middlewares/ST/STM32_USB_Device_Library/Core/Src/usbd_ctlreq.o
 .text.USBD_StdDevReq
                0x0000000008006e24       0xe4 ./Middlewares/ST/STM32_USB_Device_Library/Core/Src/usbd_ctlreq.o
                0x0000000008006e24                USBD_StdDevReq
 .text.USBD_StdItfReq
                0x0000000008006f08       0xd8 ./Middlewares/ST/STM32_USB_Device_Library/Core/Src/usbd_ctlreq.o
                0x0000000008006f08                USBD_StdItfReq
 .text.USBD_StdEPReq
                0x0000000008006fe0      0x33a ./Middlewares/ST/STM32_USB_Device_Library/Core/Src/usbd_ctlreq.o
                0x0000000008006fe0                USBD_StdEPReq
 *fill*         0x000000000800731a        0x2 
 .text.USBD_GetDescriptor
                0x000000000800731c      0x2d4 ./Middlewares/ST/STM32_USB_Device_Library/Core/Src/usbd_ctlreq.o
 .text.USBD_SetAddress
                0x00000000080075f0       0x88 ./Middlewares/ST/STM32_USB_Device_Library/Core/Src/usbd_ctlreq.o
 .text.USBD_SetConfig
                0x0000000008007678      0x154 ./Middlewares/ST/STM32_USB_Device_Library/Core/Src/usbd_ctlreq.o
 .text.USBD_GetConfig
                0x00000000080077cc       0x6c ./Middlewares/ST/STM32_USB_Device_Library/Core/Src/usbd_ctlreq.o
 .text.USBD_GetStatus
                0x0000000008007838       0x68 ./Middlewares/ST/STM32_USB_Device_Library/Core/Src/usbd_ctlreq.o
 .text.USBD_SetFeature
                0x00000000080078a0       0x52 ./Middlewares/ST/STM32_USB_Device_Library/Core/Src/usbd_ctlreq.o
 .text.USBD_ClrFeature
                0x00000000080078f2       0x44 ./Middlewares/ST/STM32_USB_Device_Library/Core/Src/usbd_ctlreq.o
 .text.USBD_ParseSetupRequest
                0x0000000008007936       0x74 ./Middlewares/ST/STM32_USB_Device_Library/Core/Src/usbd_ctlreq.o
                0x0000000008007936                USBD_ParseSetupRequest
 .text.USBD_CtlError
                0x00000000080079aa       0x22 ./Middlewares/ST/STM32_USB_Device_Library/Core/Src/usbd_ctlreq.o
                0x00000000080079aa                USBD_CtlError
 .text.USBD_GetString
                0x00000000080079cc       0x8c ./Middlewares/ST/STM32_USB_Device_Library/Core/Src/usbd_ctlreq.o
                0x00000000080079cc                USBD_GetString
 .text.USBD_GetLen
                0x0000000008007a58       0x34 ./Middlewares/ST/STM32_USB_Device_Library/Core/Src/usbd_ctlreq.o
 .text.USBD_CtlSendData
                0x0000000008007a8c       0x36 ./Middlewares/ST/STM32_USB_Device_Library/Core/Src/usbd_ioreq.o
                0x0000000008007a8c                USBD_CtlSendData
 .text.USBD_CtlContinueSendData
                0x0000000008007ac2       0x22 ./Middlewares/ST/STM32_USB_Device_Library/Core/Src/usbd_ioreq.o
                0x0000000008007ac2                USBD_CtlContinueSendData
 .text.USBD_CtlPrepareRx
                0x0000000008007ae4       0x3a ./Middlewares/ST/STM32_USB_Device_Library/Core/Src/usbd_ioreq.o
                0x0000000008007ae4                USBD_CtlPrepareRx
 .text.USBD_CtlContinueRx
                0x0000000008007b1e       0x22 ./Middlewares/ST/STM32_USB_Device_Library/Core/Src/usbd_ioreq.o
                0x0000000008007b1e                USBD_CtlContinueRx
 .text.USBD_CtlSendStatus
                0x0000000008007b40       0x26 ./Middlewares/ST/STM32_USB_Device_Library/Core/Src/usbd_ioreq.o
                0x0000000008007b40                USBD_CtlSendStatus
 .text.USBD_CtlReceiveStatus
                0x0000000008007b66       0x26 ./Middlewares/ST/STM32_USB_Device_Library/Core/Src/usbd_ioreq.o
                0x0000000008007b66                USBD_CtlReceiveStatus
 .text.MX_USB_DEVICE_Init
                0x0000000008007b8c       0x60 ./USB_DEVICE/App/usb_device.o
                0x0000000008007b8c                MX_USB_DEVICE_Init
 .text.CDC_Init_FS
                0x0000000008007bec       0x28 ./USB_DEVICE/App/usbd_cdc_if.o
 .text.CDC_DeInit_FS
                0x0000000008007c14       0x10 ./USB_DEVICE/App/usbd_cdc_if.o
 .text.CDC_Control_FS
                0x0000000008007c24       0xbc ./USB_DEVICE/App/usbd_cdc_if.o
 .text.CDC_Receive_FS
                0x0000000008007ce0       0x28 ./USB_DEVICE/App/usbd_cdc_if.o
 .text.CDC_TransmitCplt_FS
                0x0000000008007d08       0x22 ./USB_DEVICE/App/usbd_cdc_if.o
 *fill*         0x0000000008007d2a        0x2 
 .text.USBD_FS_DeviceDescriptor
                0x0000000008007d2c       0x24 ./USB_DEVICE/App/usbd_desc.o
                0x0000000008007d2c                USBD_FS_DeviceDescriptor
 .text.USBD_FS_LangIDStrDescriptor
                0x0000000008007d50       0x24 ./USB_DEVICE/App/usbd_desc.o
                0x0000000008007d50                USBD_FS_LangIDStrDescriptor
 .text.USBD_FS_ProductStrDescriptor
                0x0000000008007d74       0x3c ./USB_DEVICE/App/usbd_desc.o
                0x0000000008007d74                USBD_FS_ProductStrDescriptor
 .text.USBD_FS_ManufacturerStrDescriptor
                0x0000000008007db0       0x28 ./USB_DEVICE/App/usbd_desc.o
                0x0000000008007db0                USBD_FS_ManufacturerStrDescriptor
 .text.USBD_FS_SerialStrDescriptor
                0x0000000008007dd8       0x24 ./USB_DEVICE/App/usbd_desc.o
                0x0000000008007dd8                USBD_FS_SerialStrDescriptor
 .text.USBD_FS_ConfigStrDescriptor
                0x0000000008007dfc       0x3c ./USB_DEVICE/App/usbd_desc.o
                0x0000000008007dfc                USBD_FS_ConfigStrDescriptor
 .text.USBD_FS_InterfaceStrDescriptor
                0x0000000008007e38       0x3c ./USB_DEVICE/App/usbd_desc.o
                0x0000000008007e38                USBD_FS_InterfaceStrDescriptor
 .text.Get_SerialNum
                0x0000000008007e74       0x58 ./USB_DEVICE/App/usbd_desc.o
 .text.IntToUnicode
                0x0000000008007ecc       0x7e ./USB_DEVICE/App/usbd_desc.o
 *fill*         0x0000000008007f4a        0x2 
 .text.HAL_PCD_MspInit
                0x0000000008007f4c       0xa8 ./USB_DEVICE/Target/usbd_conf.o
                0x0000000008007f4c                HAL_PCD_MspInit
 .text.HAL_PCD_SetupStageCallback
                0x0000000008007ff4       0x24 ./USB_DEVICE/Target/usbd_conf.o
                0x0000000008007ff4                HAL_PCD_SetupStageCallback
 .text.HAL_PCD_DataOutStageCallback
                0x0000000008008018       0x36 ./USB_DEVICE/Target/usbd_conf.o
                0x0000000008008018                HAL_PCD_DataOutStageCallback
 .text.HAL_PCD_DataInStageCallback
                0x000000000800804e       0x34 ./USB_DEVICE/Target/usbd_conf.o
                0x000000000800804e                HAL_PCD_DataInStageCallback
 .text.HAL_PCD_SOFCallback
                0x0000000008008082       0x1c ./USB_DEVICE/Target/usbd_conf.o
                0x0000000008008082                HAL_PCD_SOFCallback
 .text.HAL_PCD_ResetCallback
                0x000000000800809e       0x3c ./USB_DEVICE/Target/usbd_conf.o
                0x000000000800809e                HAL_PCD_ResetCallback
 *fill*         0x00000000080080da        0x2 
 .text.HAL_PCD_SuspendCallback
                0x00000000080080dc       0x4c ./USB_DEVICE/Target/usbd_conf.o
                0x00000000080080dc                HAL_PCD_SuspendCallback
 .text.HAL_PCD_ResumeCallback
                0x0000000008008128       0x1c ./USB_DEVICE/Target/usbd_conf.o
                0x0000000008008128                HAL_PCD_ResumeCallback
 .text.HAL_PCD_ISOOUTIncompleteCallback
                0x0000000008008144       0x24 ./USB_DEVICE/Target/usbd_conf.o
                0x0000000008008144                HAL_PCD_ISOOUTIncompleteCallback
 .text.HAL_PCD_ISOINIncompleteCallback
                0x0000000008008168       0x24 ./USB_DEVICE/Target/usbd_conf.o
                0x0000000008008168                HAL_PCD_ISOINIncompleteCallback
 .text.HAL_PCD_ConnectCallback
                0x000000000800818c       0x1c ./USB_DEVICE/Target/usbd_conf.o
                0x000000000800818c                HAL_PCD_ConnectCallback
 .text.HAL_PCD_DisconnectCallback
                0x00000000080081a8       0x1c ./USB_DEVICE/Target/usbd_conf.o
                0x00000000080081a8                HAL_PCD_DisconnectCallback
 .text.USBD_LL_Init
                0x00000000080081c4       0x98 ./USB_DEVICE/Target/usbd_conf.o
                0x00000000080081c4                USBD_LL_Init
 .text.USBD_LL_Start
                0x000000000800825c       0x36 ./USB_DEVICE/Target/usbd_conf.o
                0x000000000800825c                USBD_LL_Start
 .text.USBD_LL_OpenEP
                0x0000000008008292       0x4c ./USB_DEVICE/Target/usbd_conf.o
                0x0000000008008292                USBD_LL_OpenEP
 .text.USBD_LL_CloseEP
                0x00000000080082de       0x3e ./USB_DEVICE/Target/usbd_conf.o
                0x00000000080082de                USBD_LL_CloseEP
 .text.USBD_LL_StallEP
                0x000000000800831c       0x3e ./USB_DEVICE/Target/usbd_conf.o
                0x000000000800831c                USBD_LL_StallEP
 .text.USBD_LL_ClearStallEP
                0x000000000800835a       0x3e ./USB_DEVICE/Target/usbd_conf.o
                0x000000000800835a                USBD_LL_ClearStallEP
 .text.USBD_LL_IsStallEP
                0x0000000008008398       0x58 ./USB_DEVICE/Target/usbd_conf.o
                0x0000000008008398                USBD_LL_IsStallEP
 .text.USBD_LL_SetUSBAddress
                0x00000000080083f0       0x3e ./USB_DEVICE/Target/usbd_conf.o
                0x00000000080083f0                USBD_LL_SetUSBAddress
 .text.USBD_LL_Transmit
                0x000000000800842e       0x42 ./USB_DEVICE/Target/usbd_conf.o
                0x000000000800842e                USBD_LL_Transmit
 .text.USBD_LL_PrepareReceive
                0x0000000008008470       0x42 ./USB_DEVICE/Target/usbd_conf.o
                0x0000000008008470                USBD_LL_PrepareReceive
 .text.USBD_LL_GetRxDataSize
                0x00000000080084b2       0x26 ./USB_DEVICE/Target/usbd_conf.o
                0x00000000080084b2                USBD_LL_GetRxDataSize
 .text.USBD_static_malloc
                0x00000000080084d8       0x1c ./USB_DEVICE/Target/usbd_conf.o
                0x00000000080084d8                USBD_static_malloc
 .text.USBD_static_free
                0x00000000080084f4       0x14 ./USB_DEVICE/Target/usbd_conf.o
                0x00000000080084f4                USBD_static_free
 .text.USBD_Get_USB_Status
                0x0000000008008508       0x58 ./USB_DEVICE/Target/usbd_conf.o
                0x0000000008008508                USBD_Get_USB_Status
 .text.memset   0x0000000008008560       0x10 /home/ivanm/st/stm32cubeide_1.13.2_3/plugins/com.st.stm32cube.ide.mcu.externaltools.gnu-tools-for-stm32.11.3.rel1.linux64_1.1.1.202309131626/tools/bin/../lib/gcc/arm-none-eabi/11.3.1/../../../../arm-none-eabi/lib/thumb/v7e-m+fp/hard/libc_nano.a(libc_a-memset.o)
                0x0000000008008560                memset
 .text.__libc_init_array
                0x0000000008008570       0x48 /home/ivanm/st/stm32cubeide_1.13.2_3/plugins/com.st.stm32cube.ide.mcu.externaltools.gnu-tools-for-stm32.11.3.rel1.linux64_1.1.1.202309131626/tools/bin/../lib/gcc/arm-none-eabi/11.3.1/../../../../arm-none-eabi/lib/thumb/v7e-m+fp/hard/libc_nano.a(libc_a-init.o)
                0x0000000008008570                __libc_init_array
 *(.glue_7)
 .glue_7        0x00000000080085b8        0x0 linker stubs
 *(.glue_7t)
 .glue_7t       0x00000000080085b8        0x0 linker stubs
 *(.eh_frame)
 .eh_frame      0x00000000080085b8        0x0 /home/ivanm/st/stm32cubeide_1.13.2_3/plugins/com.st.stm32cube.ide.mcu.externaltools.gnu-tools-for-stm32.11.3.rel1.linux64_1.1.1.202309131626/tools/bin/../lib/gcc/arm-none-eabi/11.3.1/thumb/v7e-m+fp/hard/crtbegin.o
 *(.init)
 .init          0x00000000080085b8        0x4 /home/ivanm/st/stm32cubeide_1.13.2_3/plugins/com.st.stm32cube.ide.mcu.externaltools.gnu-tools-for-stm32.11.3.rel1.linux64_1.1.1.202309131626/tools/bin/../lib/gcc/arm-none-eabi/11.3.1/thumb/v7e-m+fp/hard/crti.o
                0x00000000080085b8                _init
 .init          0x00000000080085bc        0x8 /home/ivanm/st/stm32cubeide_1.13.2_3/plugins/com.st.stm32cube.ide.mcu.externaltools.gnu-tools-for-stm32.11.3.rel1.linux64_1.1.1.202309131626/tools/bin/../lib/gcc/arm-none-eabi/11.3.1/thumb/v7e-m+fp/hard/crtn.o
 *(.fini)
 .fini          0x00000000080085c4        0x4 /home/ivanm/st/stm32cubeide_1.13.2_3/plugins/com.st.stm32cube.ide.mcu.externaltools.gnu-tools-for-stm32.11.3.rel1.linux64_1.1.1.202309131626/tools/bin/../lib/gcc/arm-none-eabi/11.3.1/thumb/v7e-m+fp/hard/crti.o
                0x00000000080085c4                _fini
 .fini          0x00000000080085c8        0x8 /home/ivanm/st/stm32cubeide_1.13.2_3/plugins/com.st.stm32cube.ide.mcu.externaltools.gnu-tools-for-stm32.11.3.rel1.linux64_1.1.1.202309131626/tools/bin/../lib/gcc/arm-none-eabi/11.3.1/thumb/v7e-m+fp/hard/crtn.o
                0x00000000080085d0                . = ALIGN (0x4)
                0x00000000080085d0                _etext = .

.vfp11_veneer   0x00000000080085d0        0x0
 .vfp11_veneer  0x00000000080085d0        0x0 linker stubs

.v4_bx          0x00000000080085d0        0x0
 .v4_bx         0x00000000080085d0        0x0 linker stubs

.iplt           0x00000000080085d0        0x0
 .iplt          0x00000000080085d0        0x0 /home/ivanm/st/stm32cubeide_1.13.2_3/plugins/com.st.stm32cube.ide.mcu.externaltools.gnu-tools-for-stm32.11.3.rel1.linux64_1.1.1.202309131626/tools/bin/../lib/gcc/arm-none-eabi/11.3.1/thumb/v7e-m+fp/hard/crtbegin.o

.rodata         0x00000000080085d0       0x60
                0x00000000080085d0                . = ALIGN (0x4)
 *(.rodata)
 .rodata        0x00000000080085d0       0x46 ./USB_DEVICE/App/usbd_desc.o
 *(.rodata*)
 *fill*         0x0000000008008616        0x2 
 .rodata.AHBPrescTable
                0x0000000008008618       0x10 ./Core/Src/system_stm32f4xx.o
                0x0000000008008618                AHBPrescTable
 .rodata.APBPrescTable
                0x0000000008008628        0x8 ./Core/Src/system_stm32f4xx.o
                0x0000000008008628                APBPrescTable
                0x0000000008008630                . = ALIGN (0x4)

.ARM.extab      0x0000000008008630        0x0
                0x0000000008008630                . = ALIGN (0x4)
 *(.ARM.extab* .gnu.linkonce.armextab.*)
                0x0000000008008630                . = ALIGN (0x4)

.ARM            0x0000000008008630        0x8
                0x0000000008008630                . = ALIGN (0x4)
                0x0000000008008630                __exidx_start = .
 *(.ARM.exidx*)
 .ARM.exidx     0x0000000008008630        0x8 /home/ivanm/st/stm32cubeide_1.13.2_3/plugins/com.st.stm32cube.ide.mcu.externaltools.gnu-tools-for-stm32.11.3.rel1.linux64_1.1.1.202309131626/tools/bin/../lib/gcc/arm-none-eabi/11.3.1/thumb/v7e-m+fp/hard/libgcc.a(_udivmoddi4.o)
                0x0000000008008638                __exidx_end = .
                0x0000000008008638                . = ALIGN (0x4)

.rel.dyn        0x0000000008008638        0x0
 .rel.iplt      0x0000000008008638        0x0 /home/ivanm/st/stm32cubeide_1.13.2_3/plugins/com.st.stm32cube.ide.mcu.externaltools.gnu-tools-for-stm32.11.3.rel1.linux64_1.1.1.202309131626/tools/bin/../lib/gcc/arm-none-eabi/11.3.1/thumb/v7e-m+fp/hard/crtbegin.o

.preinit_array  0x0000000008008638        0x0
                0x0000000008008638                . = ALIGN (0x4)
                0x0000000008008638                PROVIDE (__preinit_array_start = .)
 *(.preinit_array*)
                0x0000000008008638                PROVIDE (__preinit_array_end = .)
                0x0000000008008638                . = ALIGN (0x4)

.init_array     0x0000000008008638        0x4
                0x0000000008008638                . = ALIGN (0x4)
                0x0000000008008638                PROVIDE (__init_array_start = .)
 *(SORT_BY_NAME(.init_array.*))
 *(.init_array*)
 .init_array    0x0000000008008638        0x4 /home/ivanm/st/stm32cubeide_1.13.2_3/plugins/com.st.stm32cube.ide.mcu.externaltools.gnu-tools-for-stm32.11.3.rel1.linux64_1.1.1.202309131626/tools/bin/../lib/gcc/arm-none-eabi/11.3.1/thumb/v7e-m+fp/hard/crtbegin.o
                0x000000000800863c                PROVIDE (__init_array_end = .)
                0x000000000800863c                . = ALIGN (0x4)

.fini_array     0x000000000800863c        0x4
                0x000000000800863c                . = ALIGN (0x4)
                [!provide]                        PROVIDE (__fini_array_start = .)
 *(SORT_BY_NAME(.fini_array.*))
 *(.fini_array*)
 .fini_array    0x000000000800863c        0x4 /home/ivanm/st/stm32cubeide_1.13.2_3/plugins/com.st.stm32cube.ide.mcu.externaltools.gnu-tools-for-stm32.11.3.rel1.linux64_1.1.1.202309131626/tools/bin/../lib/gcc/arm-none-eabi/11.3.1/thumb/v7e-m+fp/hard/crtbegin.o
                [!provide]                        PROVIDE (__fini_array_end = .)
                0x0000000008008640                . = ALIGN (0x4)
                0x0000000008008640                _sidata = LOADADDR (.data)

.data           0x0000000020000000       0xfc load address 0x0000000008008640
                0x0000000020000000                . = ALIGN (0x4)
                0x0000000020000000                _sdata = .
 *(.data)
 *(.data*)
 .data.SystemCoreClock
                0x0000000020000000        0x4 ./Core/Src/system_stm32f4xx.o
                0x0000000020000000                SystemCoreClock
 .data.uwTickPrio
                0x0000000020000004        0x4 ./Drivers/STM32F4xx_HAL_Driver/Src/stm32f4xx_hal.o
                0x0000000020000004                uwTickPrio
 .data.uwTickFreq
                0x0000000020000008        0x1 ./Drivers/STM32F4xx_HAL_Driver/Src/stm32f4xx_hal.o
                0x0000000020000008                uwTickFreq
 *fill*         0x0000000020000009        0x3 
 .data.USBD_CDC_DeviceQualifierDesc
                0x000000002000000c        0xa ./Middlewares/ST/STM32_USB_Device_Library/Class/CDC/Src/usbd_cdc.o
 *fill*         0x0000000020000016        0x2 
 .data.USBD_CDC
                0x0000000020000018       0x38 ./Middlewares/ST/STM32_USB_Device_Library/Class/CDC/Src/usbd_cdc.o
                0x0000000020000018                USBD_CDC
 .data.USBD_CDC_CfgDesc
                0x0000000020000050       0x43 ./Middlewares/ST/STM32_USB_Device_Library/Class/CDC/Src/usbd_cdc.o
 .data.CDCInEpAdd
                0x0000000020000093        0x1 ./Middlewares/ST/STM32_USB_Device_Library/Class/CDC/Src/usbd_cdc.o
 .data.CDCOutEpAdd
                0x0000000020000094        0x1 ./Middlewares/ST/STM32_USB_Device_Library/Class/CDC/Src/usbd_cdc.o
 .data.CDCCmdEpAdd
                0x0000000020000095        0x1 ./Middlewares/ST/STM32_USB_Device_Library/Class/CDC/Src/usbd_cdc.o
 *fill*         0x0000000020000096        0x2 
 .data.USBD_Interface_fops_FS
                0x0000000020000098       0x14 ./USB_DEVICE/App/usbd_cdc_if.o
                0x0000000020000098                USBD_Interface_fops_FS
 .data.FS_Desc  0x00000000200000ac       0x1c ./USB_DEVICE/App/usbd_desc.o
                0x00000000200000ac                FS_Desc
 .data.USBD_FS_DeviceDesc
                0x00000000200000c8       0x12 ./USB_DEVICE/App/usbd_desc.o
                0x00000000200000c8                USBD_FS_DeviceDesc
 *fill*         0x00000000200000da        0x2 
 .data.USBD_LangIDDesc
                0x00000000200000dc        0x4 ./USB_DEVICE/App/usbd_desc.o
                0x00000000200000dc                USBD_LangIDDesc
 .data.USBD_StringSerial
                0x00000000200000e0       0x1a ./USB_DEVICE/App/usbd_desc.o
                0x00000000200000e0                USBD_StringSerial
 *(.RamFunc)
 *(.RamFunc*)
                0x00000000200000fc                . = ALIGN (0x4)
 *fill*         0x00000000200000fa        0x2 
                0x00000000200000fc                _edata = .

.igot.plt       0x00000000200000fc        0x0 load address 0x000000000800873c
 .igot.plt      0x00000000200000fc        0x0 /home/ivanm/st/stm32cubeide_1.13.2_3/plugins/com.st.stm32cube.ide.mcu.externaltools.gnu-tools-for-stm32.11.3.rel1.linux64_1.1.1.202309131626/tools/bin/../lib/gcc/arm-none-eabi/11.3.1/thumb/v7e-m+fp/hard/crtbegin.o
                0x00000000200000fc                . = ALIGN (0x4)

.bss            0x00000000200000fc     0x14c8 load address 0x000000000800873c
                0x00000000200000fc                _sbss = .
                0x00000000200000fc                __bss_start__ = _sbss
 *(.bss)
 .bss           0x00000000200000fc       0x1c /home/ivanm/st/stm32cubeide_1.13.2_3/plugins/com.st.stm32cube.ide.mcu.externaltools.gnu-tools-for-stm32.11.3.rel1.linux64_1.1.1.202309131626/tools/bin/../lib/gcc/arm-none-eabi/11.3.1/thumb/v7e-m+fp/hard/crtbegin.o
 *(.bss*)
 .bss.hi2c1     0x0000000020000118       0x54 ./Core/Src/main.o
                0x0000000020000118                hi2c1
 .bss.htim2     0x000000002000016c       0x48 ./Core/Src/main.o
                0x000000002000016c                htim2
 .bss.uwTick    0x00000000200001b4        0x4 ./Drivers/STM32F4xx_HAL_Driver/Src/stm32f4xx_hal.o
                0x00000000200001b4                uwTick
 .bss.cfgidx.0  0x00000000200001b8        0x1 ./Middlewares/ST/STM32_USB_Device_Library/Core/Src/usbd_ctlreq.o
 *fill*         0x00000000200001b9        0x3 
 .bss.hUsbDeviceFS
                0x00000000200001bc      0x2dc ./USB_DEVICE/App/usb_device.o
                0x00000000200001bc                hUsbDeviceFS
 .bss.UserRxBufferFS
                0x0000000020000498      0x400 ./USB_DEVICE/App/usbd_cdc_if.o
                0x0000000020000498                UserRxBufferFS
 .bss.UserTxBufferFS
                0x0000000020000898      0x400 ./USB_DEVICE/App/usbd_cdc_if.o
                0x0000000020000898                UserTxBufferFS
 .bss.USBD_StrDesc
                0x0000000020000c98      0x200 ./USB_DEVICE/App/usbd_desc.o
                0x0000000020000c98                USBD_StrDesc
 .bss.hpcd_USB_OTG_FS
                0x0000000020000e98      0x50c ./USB_DEVICE/Target/usbd_conf.o
                0x0000000020000e98                hpcd_USB_OTG_FS
 .bss.mem.0     0x00000000200013a4      0x220 ./USB_DEVICE/Target/usbd_conf.o
 *(COMMON)
                0x00000000200015c4                . = ALIGN (0x4)
                0x00000000200015c4                _ebss = .
                0x00000000200015c4                __bss_end__ = _ebss

._user_heap_stack
                0x00000000200015c4      0x604 load address 0x000000000800873c
                0x00000000200015c8                . = ALIGN (0x8)
 *fill*         0x00000000200015c4        0x4 
                [!provide]                        PROVIDE (end = .)
                0x00000000200015c8                PROVIDE (_end = .)
                0x00000000200017c8                . = (. + _Min_Heap_Size)
 *fill*         0x00000000200015c8      0x200 
                0x0000000020001bc8                . = (. + _Min_Stack_Size)
 *fill*         0x00000000200017c8      0x400 
                0x0000000020001bc8                . = ALIGN (0x8)

/DISCARD/
 libc.a(*)
 libm.a(*)
 libgcc.a(*)

.ARM.attributes
                0x0000000000000000       0x30
 *(.ARM.attributes)
 .ARM.attributes
                0x0000000000000000       0x1e /home/ivanm/st/stm32cubeide_1.13.2_3/plugins/com.st.stm32cube.ide.mcu.externaltools.gnu-tools-for-stm32.11.3.rel1.linux64_1.1.1.202309131626/tools/bin/../lib/gcc/arm-none-eabi/11.3.1/thumb/v7e-m+fp/hard/crti.o
 .ARM.attributes
                0x000000000000001e       0x34 /home/ivanm/st/stm32cubeide_1.13.2_3/plugins/com.st.stm32cube.ide.mcu.externaltools.gnu-tools-for-stm32.11.3.rel1.linux64_1.1.1.202309131626/tools/bin/../lib/gcc/arm-none-eabi/11.3.1/thumb/v7e-m+fp/hard/crtbegin.o
 .ARM.attributes
                0x0000000000000052       0x34 ./Core/Src/main.o
 .ARM.attributes
                0x0000000000000086       0x34 ./Core/Src/stm32f4xx_hal_msp.o
 .ARM.attributes
                0x00000000000000ba       0x34 ./Core/Src/stm32f4xx_it.o
 .ARM.attributes
                0x00000000000000ee       0x34 ./Core/Src/system_stm32f4xx.o
 .ARM.attributes
                0x0000000000000122       0x21 ./Core/Startup/startup_stm32f401ccux.o
 .ARM.attributes
                0x0000000000000143       0x34 ./Drivers/STM32F4xx_HAL_Driver/Src/stm32f4xx_hal.o
 .ARM.attributes
                0x0000000000000177       0x34 ./Drivers/STM32F4xx_HAL_Driver/Src/stm32f4xx_hal_cortex.o
 .ARM.attributes
                0x00000000000001ab       0x34 ./Drivers/STM32F4xx_HAL_Driver/Src/stm32f4xx_hal_gpio.o
 .ARM.attributes
                0x00000000000001df       0x34 ./Drivers/STM32F4xx_HAL_Driver/Src/stm32f4xx_hal_i2c.o
 .ARM.attributes
                0x0000000000000213       0x34 ./Drivers/STM32F4xx_HAL_Driver/Src/stm32f4xx_hal_pcd.o
 .ARM.attributes
                0x0000000000000247       0x34 ./Drivers/STM32F4xx_HAL_Driver/Src/stm32f4xx_hal_pcd_ex.o
 .ARM.attributes
                0x000000000000027b       0x34 ./Drivers/STM32F4xx_HAL_Driver/Src/stm32f4xx_hal_rcc.o
 .ARM.attributes
                0x00000000000002af       0x34 ./Drivers/STM32F4xx_HAL_Driver/Src/stm32f4xx_hal_tim.o
 .ARM.attributes
                0x00000000000002e3       0x34 ./Drivers/STM32F4xx_HAL_Driver/Src/stm32f4xx_hal_tim_ex.o
 .ARM.attributes
                0x0000000000000317       0x34 ./Drivers/STM32F4xx_HAL_Driver/Src/stm32f4xx_ll_usb.o
 .ARM.attributes
                0x000000000000034b       0x34 ./Middlewares/ST/STM32_USB_Device_Library/Class/CDC/Src/usbd_cdc.o
 .ARM.attributes
                0x000000000000037f       0x34 ./Middlewares/ST/STM32_USB_Device_Library/Core/Src/usbd_core.o
 .ARM.attributes
                0x00000000000003b3       0x34 ./Middlewares/ST/STM32_USB_Device_Library/Core/Src/usbd_ctlreq.o
 .ARM.attributes
                0x00000000000003e7       0x34 ./Middlewares/ST/STM32_USB_Device_Library/Core/Src/usbd_ioreq.o
 .ARM.attributes
                0x000000000000041b       0x34 ./USB_DEVICE/App/usb_device.o
 .ARM.attributes
                0x000000000000044f       0x34 ./USB_DEVICE/App/usbd_cdc_if.o
 .ARM.attributes
                0x0000000000000483       0x34 ./USB_DEVICE/App/usbd_desc.o
 .ARM.attributes
                0x00000000000004b7       0x34 ./USB_DEVICE/Target/usbd_conf.o
 .ARM.attributes
                0x00000000000004eb       0x34 /home/ivanm/st/stm32cubeide_1.13.2_3/plugins/com.st.stm32cube.ide.mcu.externaltools.gnu-tools-for-stm32.11.3.rel1.linux64_1.1.1.202309131626/tools/bin/../lib/gcc/arm-none-eabi/11.3.1/../../../../arm-none-eabi/lib/thumb/v7e-m+fp/hard/libc_nano.a(libc_a-memset.o)
 .ARM.attributes
                0x000000000000051f       0x34 /home/ivanm/st/stm32cubeide_1.13.2_3/plugins/com.st.stm32cube.ide.mcu.externaltools.gnu-tools-for-stm32.11.3.rel1.linux64_1.1.1.202309131626/tools/bin/../lib/gcc/arm-none-eabi/11.3.1/../../../../arm-none-eabi/lib/thumb/v7e-m+fp/hard/libc_nano.a(libc_a-init.o)
 .ARM.attributes
                0x0000000000000553       0x1e /home/ivanm/st/stm32cubeide_1.13.2_3/plugins/com.st.stm32cube.ide.mcu.externaltools.gnu-tools-for-stm32.11.3.rel1.linux64_1.1.1.202309131626/tools/bin/../lib/gcc/arm-none-eabi/11.3.1/thumb/v7e-m+fp/hard/libgcc.a(_aeabi_uldivmod.o)
 .ARM.attributes
                0x0000000000000571       0x34 /home/ivanm/st/stm32cubeide_1.13.2_3/plugins/com.st.stm32cube.ide.mcu.externaltools.gnu-tools-for-stm32.11.3.rel1.linux64_1.1.1.202309131626/tools/bin/../lib/gcc/arm-none-eabi/11.3.1/thumb/v7e-m+fp/hard/libgcc.a(_udivmoddi4.o)
 .ARM.attributes
                0x00000000000005a5       0x1e /home/ivanm/st/stm32cubeide_1.13.2_3/plugins/com.st.stm32cube.ide.mcu.externaltools.gnu-tools-for-stm32.11.3.rel1.linux64_1.1.1.202309131626/tools/bin/../lib/gcc/arm-none-eabi/11.3.1/thumb/v7e-m+fp/hard/libgcc.a(_dvmd_tls.o)
 .ARM.attributes
                0x00000000000005c3       0x1e /home/ivanm/st/stm32cubeide_1.13.2_3/plugins/com.st.stm32cube.ide.mcu.externaltools.gnu-tools-for-stm32.11.3.rel1.linux64_1.1.1.202309131626/tools/bin/../lib/gcc/arm-none-eabi/11.3.1/thumb/v7e-m+fp/hard/crtn.o
OUTPUT(small_drone.elf elf32-littlearm)
LOAD linker stubs
LOAD /home/ivanm/st/stm32cubeide_1.13.2_3/plugins/com.st.stm32cube.ide.mcu.externaltools.gnu-tools-for-stm32.11.3.rel1.linux64_1.1.1.202309131626/tools/bin/../lib/gcc/arm-none-eabi/11.3.1/../../../../arm-none-eabi/lib/thumb/v7e-m+fp/hard/libc.a
LOAD /home/ivanm/st/stm32cubeide_1.13.2_3/plugins/com.st.stm32cube.ide.mcu.externaltools.gnu-tools-for-stm32.11.3.rel1.linux64_1.1.1.202309131626/tools/bin/../lib/gcc/arm-none-eabi/11.3.1/../../../../arm-none-eabi/lib/thumb/v7e-m+fp/hard/libm.a
LOAD /home/ivanm/st/stm32cubeide_1.13.2_3/plugins/com.st.stm32cube.ide.mcu.externaltools.gnu-tools-for-stm32.11.3.rel1.linux64_1.1.1.202309131626/tools/bin/../lib/gcc/arm-none-eabi/11.3.1/thumb/v7e-m+fp/hard/libgcc.a

.comment        0x0000000000000000       0x43
 .comment       0x0000000000000000       0x43 /home/ivanm/st/stm32cubeide_1.13.2_3/plugins/com.st.stm32cube.ide.mcu.externaltools.gnu-tools-for-stm32.11.3.rel1.linux64_1.1.1.202309131626/tools/bin/../lib/gcc/arm-none-eabi/11.3.1/thumb/v7e-m+fp/hard/crtbegin.o
                                         0x44 (size before relaxing)
 .comment       0x0000000000000043       0x44 ./Core/Src/main.o
 .comment       0x0000000000000043       0x44 ./Core/Src/stm32f4xx_hal_msp.o
 .comment       0x0000000000000043       0x44 ./Core/Src/stm32f4xx_it.o
 .comment       0x0000000000000043       0x44 ./Core/Src/system_stm32f4xx.o
 .comment       0x0000000000000043       0x44 ./Drivers/STM32F4xx_HAL_Driver/Src/stm32f4xx_hal.o
 .comment       0x0000000000000043       0x44 ./Drivers/STM32F4xx_HAL_Driver/Src/stm32f4xx_hal_cortex.o
 .comment       0x0000000000000043       0x44 ./Drivers/STM32F4xx_HAL_Driver/Src/stm32f4xx_hal_gpio.o
 .comment       0x0000000000000043       0x44 ./Drivers/STM32F4xx_HAL_Driver/Src/stm32f4xx_hal_i2c.o
 .comment       0x0000000000000043       0x44 ./Drivers/STM32F4xx_HAL_Driver/Src/stm32f4xx_hal_pcd.o
 .comment       0x0000000000000043       0x44 ./Drivers/STM32F4xx_HAL_Driver/Src/stm32f4xx_hal_pcd_ex.o
 .comment       0x0000000000000043       0x44 ./Drivers/STM32F4xx_HAL_Driver/Src/stm32f4xx_hal_rcc.o
 .comment       0x0000000000000043       0x44 ./Drivers/STM32F4xx_HAL_Driver/Src/stm32f4xx_hal_tim.o
 .comment       0x0000000000000043       0x44 ./Drivers/STM32F4xx_HAL_Driver/Src/stm32f4xx_hal_tim_ex.o
 .comment       0x0000000000000043       0x44 ./Drivers/STM32F4xx_HAL_Driver/Src/stm32f4xx_ll_usb.o
 .comment       0x0000000000000043       0x44 ./Middlewares/ST/STM32_USB_Device_Library/Class/CDC/Src/usbd_cdc.o
 .comment       0x0000000000000043       0x44 ./Middlewares/ST/STM32_USB_Device_Library/Core/Src/usbd_core.o
 .comment       0x0000000000000043       0x44 ./Middlewares/ST/STM32_USB_Device_Library/Core/Src/usbd_ctlreq.o
 .comment       0x0000000000000043       0x44 ./Middlewares/ST/STM32_USB_Device_Library/Core/Src/usbd_ioreq.o
 .comment       0x0000000000000043       0x44 ./USB_DEVICE/App/usb_device.o
 .comment       0x0000000000000043       0x44 ./USB_DEVICE/App/usbd_cdc_if.o
 .comment       0x0000000000000043       0x44 ./USB_DEVICE/App/usbd_desc.o
 .comment       0x0000000000000043       0x44 ./USB_DEVICE/Target/usbd_conf.o

.debug_info     0x0000000000000000    0x149bd
 .debug_info    0x0000000000000000     0x1191 ./Core/Src/main.o
 .debug_info    0x0000000000001191      0xd87 ./Core/Src/stm32f4xx_hal_msp.o
 .debug_info    0x0000000000001f18      0x60f ./Core/Src/stm32f4xx_it.o
 .debug_info    0x0000000000002527      0x53e ./Core/Src/system_stm32f4xx.o
 .debug_info    0x0000000000002a65       0x23 ./Core/Startup/startup_stm32f401ccux.o
 .debug_info    0x0000000000002a88      0x8bb ./Drivers/STM32F4xx_HAL_Driver/Src/stm32f4xx_hal.o
 .debug_info    0x0000000000003343      0xcb0 ./Drivers/STM32F4xx_HAL_Driver/Src/stm32f4xx_hal_cortex.o
 .debug_info    0x0000000000003ff3      0x6f9 ./Drivers/STM32F4xx_HAL_Driver/Src/stm32f4xx_hal_gpio.o
 .debug_info    0x00000000000046ec     0x23f2 ./Drivers/STM32F4xx_HAL_Driver/Src/stm32f4xx_hal_i2c.o
 .debug_info    0x0000000000006ade     0x1549 ./Drivers/STM32F4xx_HAL_Driver/Src/stm32f4xx_hal_pcd.o
 .debug_info    0x0000000000008027      0x6d2 ./Drivers/STM32F4xx_HAL_Driver/Src/stm32f4xx_hal_pcd_ex.o
 .debug_info    0x00000000000086f9      0x8f3 ./Drivers/STM32F4xx_HAL_Driver/Src/stm32f4xx_hal_rcc.o
 .debug_info    0x0000000000008fec     0x2941 ./Drivers/STM32F4xx_HAL_Driver/Src/stm32f4xx_hal_tim.o
 .debug_info    0x000000000000b92d     0x14a7 ./Drivers/STM32F4xx_HAL_Driver/Src/stm32f4xx_hal_tim_ex.o
 .debug_info    0x000000000000cdd4     0x18f6 ./Drivers/STM32F4xx_HAL_Driver/Src/stm32f4xx_ll_usb.o
 .debug_info    0x000000000000e6ca     0x128b ./Middlewares/ST/STM32_USB_Device_Library/Class/CDC/Src/usbd_cdc.o
 .debug_info    0x000000000000f955      0xe05 ./Middlewares/ST/STM32_USB_Device_Library/Core/Src/usbd_core.o
 .debug_info    0x000000000001075a      0xade ./Middlewares/ST/STM32_USB_Device_Library/Core/Src/usbd_ctlreq.o
 .debug_info    0x0000000000011238      0x755 ./Middlewares/ST/STM32_USB_Device_Library/Core/Src/usbd_ioreq.o
 .debug_info    0x000000000001198d      0x701 ./USB_DEVICE/App/usb_device.o
 .debug_info    0x000000000001208e      0x8fa ./USB_DEVICE/App/usbd_cdc_if.o
 .debug_info    0x0000000000012988      0x458 ./USB_DEVICE/App/usbd_desc.o
 .debug_info    0x0000000000012de0     0x1bdd ./USB_DEVICE/Target/usbd_conf.o

.debug_abbrev   0x0000000000000000     0x32f5
 .debug_abbrev  0x0000000000000000      0x28c ./Core/Src/main.o
 .debug_abbrev  0x000000000000028c      0x1d4 ./Core/Src/stm32f4xx_hal_msp.o
 .debug_abbrev  0x0000000000000460      0x1a4 ./Core/Src/stm32f4xx_it.o
 .debug_abbrev  0x0000000000000604      0x11a ./Core/Src/system_stm32f4xx.o
 .debug_abbrev  0x000000000000071e       0x12 ./Core/Startup/startup_stm32f401ccux.o
 .debug_abbrev  0x0000000000000730      0x24b ./Drivers/STM32F4xx_HAL_Driver/Src/stm32f4xx_hal.o
 .debug_abbrev  0x000000000000097b      0x327 ./Drivers/STM32F4xx_HAL_Driver/Src/stm32f4xx_hal_cortex.o
 .debug_abbrev  0x0000000000000ca2      0x1d3 ./Drivers/STM32F4xx_HAL_Driver/Src/stm32f4xx_hal_gpio.o
 .debug_abbrev  0x0000000000000e75      0x2bc ./Drivers/STM32F4xx_HAL_Driver/Src/stm32f4xx_hal_i2c.o
 .debug_abbrev  0x0000000000001131      0x2cd ./Drivers/STM32F4xx_HAL_Driver/Src/stm32f4xx_hal_pcd.o
 .debug_abbrev  0x00000000000013fe      0x1da ./Drivers/STM32F4xx_HAL_Driver/Src/stm32f4xx_hal_pcd_ex.o
 .debug_abbrev  0x00000000000015d8      0x2b5 ./Drivers/STM32F4xx_HAL_Driver/Src/stm32f4xx_hal_rcc.o
 .debug_abbrev  0x000000000000188d      0x284 ./Drivers/STM32F4xx_HAL_Driver/Src/stm32f4xx_hal_tim.o
 .debug_abbrev  0x0000000000001b11      0x28f ./Drivers/STM32F4xx_HAL_Driver/Src/stm32f4xx_hal_tim_ex.o
 .debug_abbrev  0x0000000000001da0      0x2ac ./Drivers/STM32F4xx_HAL_Driver/Src/stm32f4xx_ll_usb.o
 .debug_abbrev  0x000000000000204c      0x2d2 ./Middlewares/ST/STM32_USB_Device_Library/Class/CDC/Src/usbd_cdc.o
 .debug_abbrev  0x000000000000231e      0x27c ./Middlewares/ST/STM32_USB_Device_Library/Core/Src/usbd_core.o
 .debug_abbrev  0x000000000000259a      0x26f ./Middlewares/ST/STM32_USB_Device_Library/Core/Src/usbd_ctlreq.o
 .debug_abbrev  0x0000000000002809      0x19a ./Middlewares/ST/STM32_USB_Device_Library/Core/Src/usbd_ioreq.o
 .debug_abbrev  0x00000000000029a3      0x195 ./USB_DEVICE/App/usb_device.o
 .debug_abbrev  0x0000000000002b38      0x29d ./USB_DEVICE/App/usbd_cdc_if.o
 .debug_abbrev  0x0000000000002dd5      0x1e1 ./USB_DEVICE/App/usbd_desc.o
 .debug_abbrev  0x0000000000002fb6      0x33f ./USB_DEVICE/Target/usbd_conf.o

.debug_aranges  0x0000000000000000     0x1348
 .debug_aranges
                0x0000000000000000       0x48 ./Core/Src/main.o
 .debug_aranges
                0x0000000000000048       0x48 ./Core/Src/stm32f4xx_hal_msp.o
 .debug_aranges
                0x0000000000000090       0x68 ./Core/Src/stm32f4xx_it.o
 .debug_aranges
                0x00000000000000f8       0x28 ./Core/Src/system_stm32f4xx.o
 .debug_aranges
                0x0000000000000120       0x28 ./Core/Startup/startup_stm32f401ccux.o
 .debug_aranges
                0x0000000000000148       0xf0 ./Drivers/STM32F4xx_HAL_Driver/Src/stm32f4xx_hal.o
 .debug_aranges
                0x0000000000000238      0x118 ./Drivers/STM32F4xx_HAL_Driver/Src/stm32f4xx_hal_cortex.o
 .debug_aranges
                0x0000000000000350       0x58 ./Drivers/STM32F4xx_HAL_Driver/Src/stm32f4xx_hal_gpio.o
 .debug_aranges
                0x00000000000003a8      0x2a0 ./Drivers/STM32F4xx_HAL_Driver/Src/stm32f4xx_hal_i2c.o
 .debug_aranges
                0x0000000000000648      0x148 ./Drivers/STM32F4xx_HAL_Driver/Src/stm32f4xx_hal_pcd.o
 .debug_aranges
                0x0000000000000790       0x38 ./Drivers/STM32F4xx_HAL_Driver/Src/stm32f4xx_hal_pcd_ex.o
 .debug_aranges
                0x00000000000007c8       0x88 ./Drivers/STM32F4xx_HAL_Driver/Src/stm32f4xx_hal_rcc.o
 .debug_aranges
                0x0000000000000850      0x3d0 ./Drivers/STM32F4xx_HAL_Driver/Src/stm32f4xx_hal_tim.o
 .debug_aranges
                0x0000000000000c20      0x168 ./Drivers/STM32F4xx_HAL_Driver/Src/stm32f4xx_hal_tim_ex.o
 .debug_aranges
                0x0000000000000d88      0x1a0 ./Drivers/STM32F4xx_HAL_Driver/Src/stm32f4xx_ll_usb.o
 .debug_aranges
                0x0000000000000f28       0x90 ./Middlewares/ST/STM32_USB_Device_Library/Class/CDC/Src/usbd_cdc.o
 .debug_aranges
                0x0000000000000fb8       0xd8 ./Middlewares/ST/STM32_USB_Device_Library/Core/Src/usbd_core.o
 .debug_aranges
                0x0000000000001090       0x90 ./Middlewares/ST/STM32_USB_Device_Library/Core/Src/usbd_ctlreq.o
 .debug_aranges
                0x0000000000001120       0x50 ./Middlewares/ST/STM32_USB_Device_Library/Core/Src/usbd_ioreq.o
 .debug_aranges
                0x0000000000001170       0x20 ./USB_DEVICE/App/usb_device.o
 .debug_aranges
                0x0000000000001190       0x48 ./USB_DEVICE/App/usbd_cdc_if.o
 .debug_aranges
                0x00000000000011d8       0x60 ./USB_DEVICE/App/usbd_desc.o
 .debug_aranges
                0x0000000000001238      0x110 ./USB_DEVICE/Target/usbd_conf.o

.debug_rnglists
                0x0000000000000000      0xee6
 .debug_rnglists
                0x0000000000000000       0x35 ./Core/Src/main.o
 .debug_rnglists
                0x0000000000000035       0x32 ./Core/Src/stm32f4xx_hal_msp.o
 .debug_rnglists
                0x0000000000000067       0x49 ./Core/Src/stm32f4xx_it.o
 .debug_rnglists
                0x00000000000000b0       0x1a ./Core/Src/system_stm32f4xx.o
 .debug_rnglists
                0x00000000000000ca       0x19 ./Core/Startup/startup_stm32f401ccux.o
 .debug_rnglists
                0x00000000000000e3       0xaf ./Drivers/STM32F4xx_HAL_Driver/Src/stm32f4xx_hal.o
 .debug_rnglists
                0x0000000000000192       0xce ./Drivers/STM32F4xx_HAL_Driver/Src/stm32f4xx_hal_cortex.o
 .debug_rnglists
                0x0000000000000260       0x3f ./Drivers/STM32F4xx_HAL_Driver/Src/stm32f4xx_hal_gpio.o
 .debug_rnglists
                0x000000000000029f      0x235 ./Drivers/STM32F4xx_HAL_Driver/Src/stm32f4xx_hal_i2c.o
 .debug_rnglists
                0x00000000000004d4       0xfc ./Drivers/STM32F4xx_HAL_Driver/Src/stm32f4xx_hal_pcd.o
 .debug_rnglists
                0x00000000000005d0       0x26 ./Drivers/STM32F4xx_HAL_Driver/Src/stm32f4xx_hal_pcd_ex.o
 .debug_rnglists
                0x00000000000005f6       0x66 ./Drivers/STM32F4xx_HAL_Driver/Src/stm32f4xx_hal_rcc.o
 .debug_rnglists
                0x000000000000065c      0x31a ./Drivers/STM32F4xx_HAL_Driver/Src/stm32f4xx_hal_tim.o
 .debug_rnglists
                0x0000000000000976      0x125 ./Drivers/STM32F4xx_HAL_Driver/Src/stm32f4xx_hal_tim_ex.o
 .debug_rnglists
                0x0000000000000a9b      0x148 ./Drivers/STM32F4xx_HAL_Driver/Src/stm32f4xx_ll_usb.o
 .debug_rnglists
                0x0000000000000be3       0x6c ./Middlewares/ST/STM32_USB_Device_Library/Class/CDC/Src/usbd_cdc.o
 .debug_rnglists
                0x0000000000000c4f       0xa1 ./Middlewares/ST/STM32_USB_Device_Library/Core/Src/usbd_core.o
 .debug_rnglists
                0x0000000000000cf0       0x6e ./Middlewares/ST/STM32_USB_Device_Library/Core/Src/usbd_ctlreq.o
 .debug_rnglists
                0x0000000000000d5e       0x37 ./Middlewares/ST/STM32_USB_Device_Library/Core/Src/usbd_ioreq.o
 .debug_rnglists
                0x0000000000000d95       0x13 ./USB_DEVICE/App/usb_device.o
 .debug_rnglists
                0x0000000000000da8       0x32 ./USB_DEVICE/App/usbd_cdc_if.o
 .debug_rnglists
                0x0000000000000dda       0x43 ./USB_DEVICE/App/usbd_desc.o
 .debug_rnglists
                0x0000000000000e1d       0xc9 ./USB_DEVICE/Target/usbd_conf.o

.debug_macro    0x0000000000000000    0x18f45
 .debug_macro   0x0000000000000000      0x381 ./Core/Src/main.o
 .debug_macro   0x0000000000000381      0xaa8 ./Core/Src/main.o
 .debug_macro   0x0000000000000e29      0x2a1 ./Core/Src/main.o
 .debug_macro   0x00000000000010ca       0x2e ./Core/Src/main.o
 .debug_macro   0x00000000000010f8       0x28 ./Core/Src/main.o
 .debug_macro   0x0000000000001120       0x22 ./Core/Src/main.o
 .debug_macro   0x0000000000001142       0x8e ./Core/Src/main.o
 .debug_macro   0x00000000000011d0       0x51 ./Core/Src/main.o
 .debug_macro   0x0000000000001221      0x103 ./Core/Src/main.o
 .debug_macro   0x0000000000001324       0x6a ./Core/Src/main.o
 .debug_macro   0x000000000000138e      0x1df ./Core/Src/main.o
 .debug_macro   0x000000000000156d       0x1c ./Core/Src/main.o
 .debug_macro   0x0000000000001589       0x22 ./Core/Src/main.o
 .debug_macro   0x00000000000015ab       0xd9 ./Core/Src/main.o
 .debug_macro   0x0000000000001684     0x102d ./Core/Src/main.o
 .debug_macro   0x00000000000026b1      0x11f ./Core/Src/main.o
 .debug_macro   0x00000000000027d0     0xb86c ./Core/Src/main.o
 .debug_macro   0x000000000000e03c       0x6d ./Core/Src/main.o
 .debug_macro   0x000000000000e0a9     0x367e ./Core/Src/main.o
 .debug_macro   0x0000000000011727      0x174 ./Core/Src/main.o
 .debug_macro   0x000000000001189b       0x5c ./Core/Src/main.o
 .debug_macro   0x00000000000118f7      0x416 ./Core/Src/main.o
 .debug_macro   0x0000000000011d0d      0x9fe ./Core/Src/main.o
 .debug_macro   0x000000000001270b      0x115 ./Core/Src/main.o
 .debug_macro   0x0000000000012820       0xf8 ./Core/Src/main.o
 .debug_macro   0x0000000000012918       0xa5 ./Core/Src/main.o
 .debug_macro   0x00000000000129bd      0x15f ./Core/Src/main.o
 .debug_macro   0x0000000000012b1c      0x287 ./Core/Src/main.o
 .debug_macro   0x0000000000012da3       0x5f ./Core/Src/main.o
 .debug_macro   0x0000000000012e02      0x236 ./Core/Src/main.o
 .debug_macro   0x0000000000013038      0x132 ./Core/Src/main.o
 .debug_macro   0x000000000001316a      0x23a ./Core/Src/main.o
 .debug_macro   0x00000000000133a4       0x2e ./Core/Src/main.o
 .debug_macro   0x00000000000133d2      0x1b5 ./Core/Src/main.o
 .debug_macro   0x0000000000013587       0x22 ./Core/Src/main.o
 .debug_macro   0x00000000000135a9       0xd6 ./Core/Src/main.o
 .debug_macro   0x000000000001367f      0x11a ./Core/Src/main.o
 .debug_macro   0x0000000000013799       0x85 ./Core/Src/main.o
 .debug_macro   0x000000000001381e       0x89 ./Core/Src/main.o
 .debug_macro   0x00000000000138a7      0x8e6 ./Core/Src/main.o
 .debug_macro   0x000000000001418d       0x47 ./Core/Src/main.o
 .debug_macro   0x00000000000141d4      0x248 ./Core/Src/main.o
 .debug_macro   0x000000000001441c       0xba ./Core/Src/main.o
 .debug_macro   0x00000000000144d6      0x126 ./Core/Src/main.o
 .debug_macro   0x00000000000145fc       0x61 ./Core/Src/main.o
 .debug_macro   0x000000000001465d       0x2a ./Core/Src/main.o
 .debug_macro   0x0000000000014687       0x43 ./Core/Src/main.o
 .debug_macro   0x00000000000146ca       0x34 ./Core/Src/main.o
 .debug_macro   0x00000000000146fe       0x16 ./Core/Src/main.o
 .debug_macro   0x0000000000014714       0x35 ./Core/Src/main.o
 .debug_macro   0x0000000000014749      0x369 ./Core/Src/main.o
 .debug_macro   0x0000000000014ab2       0x10 ./Core/Src/main.o
 .debug_macro   0x0000000000014ac2       0x16 ./Core/Src/main.o
 .debug_macro   0x0000000000014ad8       0x43 ./Core/Src/main.o
 .debug_macro   0x0000000000014b1b       0x34 ./Core/Src/main.o
 .debug_macro   0x0000000000014b4f       0x10 ./Core/Src/main.o
 .debug_macro   0x0000000000014b5f       0x58 ./Core/Src/main.o
 .debug_macro   0x0000000000014bb7       0x8e ./Core/Src/main.o
 .debug_macro   0x0000000000014c45       0x1c ./Core/Src/main.o
 .debug_macro   0x0000000000014c61      0x177 ./Core/Src/main.o
 .debug_macro   0x0000000000014dd8       0x16 ./Core/Src/main.o
 .debug_macro   0x0000000000014dee       0x16 ./Core/Src/main.o
 .debug_macro   0x0000000000014e04      0x147 ./Core/Src/main.o
 .debug_macro   0x0000000000014f4b       0x16 ./Core/Src/main.o
 .debug_macro   0x0000000000014f61       0x16 ./Core/Src/main.o
 .debug_macro   0x0000000000014f77       0x29 ./Core/Src/main.o
 .debug_macro   0x0000000000014fa0       0x16 ./Core/Src/main.o
 .debug_macro   0x0000000000014fb6       0x20 ./Core/Src/main.o
 .debug_macro   0x0000000000014fd6       0x65 ./Core/Src/main.o
 .debug_macro   0x000000000001503b      0x20f ./Core/Src/main.o
 .debug_macro   0x000000000001524a      0x20b ./Core/Src/stm32f4xx_hal_msp.o
 .debug_macro   0x0000000000015455      0x215 ./Core/Src/stm32f4xx_it.o
 .debug_macro   0x000000000001566a      0x201 ./Core/Src/system_stm32f4xx.o
 .debug_macro   0x000000000001586b      0x261 ./Drivers/STM32F4xx_HAL_Driver/Src/stm32f4xx_hal.o
 .debug_macro   0x0000000000015acc      0x201 ./Drivers/STM32F4xx_HAL_Driver/Src/stm32f4xx_hal_cortex.o
 .debug_macro   0x0000000000015ccd      0x207 ./Drivers/STM32F4xx_HAL_Driver/Src/stm32f4xx_hal_gpio.o
 .debug_macro   0x0000000000015ed4      0x248 ./Drivers/STM32F4xx_HAL_Driver/Src/stm32f4xx_hal_i2c.o
 .debug_macro   0x000000000001611c      0x20d ./Drivers/STM32F4xx_HAL_Driver/Src/stm32f4xx_hal_pcd.o
 .debug_macro   0x0000000000016329      0x201 ./Drivers/STM32F4xx_HAL_Driver/Src/stm32f4xx_hal_pcd_ex.o
 .debug_macro   0x000000000001652a      0x225 ./Drivers/STM32F4xx_HAL_Driver/Src/stm32f4xx_hal_rcc.o
 .debug_macro   0x000000000001674f      0x202 ./Drivers/STM32F4xx_HAL_Driver/Src/stm32f4xx_hal_tim.o
 .debug_macro   0x0000000000016951      0x201 ./Drivers/STM32F4xx_HAL_Driver/Src/stm32f4xx_hal_tim_ex.o
 .debug_macro   0x0000000000016b52      0x201 ./Drivers/STM32F4xx_HAL_Driver/Src/stm32f4xx_ll_usb.o
 .debug_macro   0x0000000000016d53      0x39a ./Middlewares/ST/STM32_USB_Device_Library/Class/CDC/Src/usbd_cdc.o
 .debug_macro   0x00000000000170ed       0x97 ./Middlewares/ST/STM32_USB_Device_Library/Class/CDC/Src/usbd_cdc.o
 .debug_macro   0x0000000000017184       0xfd ./Middlewares/ST/STM32_USB_Device_Library/Class/CDC/Src/usbd_cdc.o
 .debug_macro   0x0000000000017281       0x56 ./Middlewares/ST/STM32_USB_Device_Library/Class/CDC/Src/usbd_cdc.o
 .debug_macro   0x00000000000172d7       0x95 ./Middlewares/ST/STM32_USB_Device_Library/Class/CDC/Src/usbd_cdc.o
 .debug_macro   0x000000000001736c      0x381 ./Middlewares/ST/STM32_USB_Device_Library/Core/Src/usbd_core.o
 .debug_macro   0x00000000000176ed      0x215 ./Middlewares/ST/STM32_USB_Device_Library/Core/Src/usbd_core.o
 .debug_macro   0x0000000000017902      0x38b ./Middlewares/ST/STM32_USB_Device_Library/Core/Src/usbd_ctlreq.o
 .debug_macro   0x0000000000017c8d      0x387 ./Middlewares/ST/STM32_USB_Device_Library/Core/Src/usbd_ioreq.o
 .debug_macro   0x0000000000018014      0x3c0 ./USB_DEVICE/App/usb_device.o
 .debug_macro   0x00000000000183d4       0x22 ./USB_DEVICE/App/usb_device.o
 .debug_macro   0x00000000000183f6       0x16 ./USB_DEVICE/App/usb_device.o
 .debug_macro   0x000000000001840c      0x3a5 ./USB_DEVICE/App/usbd_cdc_if.o
 .debug_macro   0x00000000000187b1       0x10 ./USB_DEVICE/App/usbd_cdc_if.o
 .debug_macro   0x00000000000187c1      0x3c4 ./USB_DEVICE/App/usbd_desc.o
 .debug_macro   0x0000000000018b85       0x1c ./USB_DEVICE/App/usbd_desc.o
 .debug_macro   0x0000000000018ba1      0x3a4 ./USB_DEVICE/Target/usbd_conf.o

.debug_line     0x0000000000000000    0x176f1
 .debug_line    0x0000000000000000      0xba6 ./Core/Src/main.o
 .debug_line    0x0000000000000ba6      0x7c5 ./Core/Src/stm32f4xx_hal_msp.o
 .debug_line    0x000000000000136b      0x7ea ./Core/Src/stm32f4xx_it.o
 .debug_line    0x0000000000001b55      0x791 ./Core/Src/system_stm32f4xx.o
 .debug_line    0x00000000000022e6       0x7a ./Core/Startup/startup_stm32f401ccux.o
 .debug_line    0x0000000000002360      0x9f7 ./Drivers/STM32F4xx_HAL_Driver/Src/stm32f4xx_hal.o
 .debug_line    0x0000000000002d57      0xca6 ./Drivers/STM32F4xx_HAL_Driver/Src/stm32f4xx_hal_cortex.o
 .debug_line    0x00000000000039fd      0xb2f ./Drivers/STM32F4xx_HAL_Driver/Src/stm32f4xx_hal_gpio.o
 .debug_line    0x000000000000452c     0x39b9 ./Drivers/STM32F4xx_HAL_Driver/Src/stm32f4xx_hal_i2c.o
 .debug_line    0x0000000000007ee5     0x149e ./Drivers/STM32F4xx_HAL_Driver/Src/stm32f4xx_hal_pcd.o
 .debug_line    0x0000000000009383      0x7da ./Drivers/STM32F4xx_HAL_Driver/Src/stm32f4xx_hal_pcd_ex.o
 .debug_line    0x0000000000009b5d      0xd6e ./Drivers/STM32F4xx_HAL_Driver/Src/stm32f4xx_hal_rcc.o
 .debug_line    0x000000000000a8cb     0x34bd ./Drivers/STM32F4xx_HAL_Driver/Src/stm32f4xx_hal_tim.o
 .debug_line    0x000000000000dd88     0x198f ./Drivers/STM32F4xx_HAL_Driver/Src/stm32f4xx_hal_tim_ex.o
 .debug_line    0x000000000000f717     0x1ab8 ./Drivers/STM32F4xx_HAL_Driver/Src/stm32f4xx_ll_usb.o
 .debug_line    0x00000000000111cf      0xe92 ./Middlewares/ST/STM32_USB_Device_Library/Class/CDC/Src/usbd_cdc.o
 .debug_line    0x0000000000012061      0xf07 ./Middlewares/ST/STM32_USB_Device_Library/Core/Src/usbd_core.o
 .debug_line    0x0000000000012f68     0x10f1 ./Middlewares/ST/STM32_USB_Device_Library/Core/Src/usbd_ctlreq.o
 .debug_line    0x0000000000014059      0xa20 ./Middlewares/ST/STM32_USB_Device_Library/Core/Src/usbd_ioreq.o
 .debug_line    0x0000000000014a79      0x9dc ./USB_DEVICE/App/usb_device.o
 .debug_line    0x0000000000015455      0xa3f ./USB_DEVICE/App/usbd_cdc_if.o
 .debug_line    0x0000000000015e94      0xaa5 ./USB_DEVICE/App/usbd_desc.o
 .debug_line    0x0000000000016939      0xdb8 ./USB_DEVICE/Target/usbd_conf.o

.debug_str      0x0000000000000000    0x90c87
 .debug_str     0x0000000000000000    0x8b829 ./Core/Src/main.o
                                      0x8bbd7 (size before relaxing)
 .debug_str     0x000000000008b829       0x9b ./Core/Src/stm32f4xx_hal_msp.o
                                      0x875e0 (size before relaxing)
 .debug_str     0x000000000008b8c4      0x443 ./Core/Src/stm32f4xx_it.o
                                      0x870a6 (size before relaxing)
 .debug_str     0x000000000008bd07       0xdb ./Core/Src/system_stm32f4xx.o
                                      0x86dcc (size before relaxing)
 .debug_str     0x000000000008bde2       0x34 ./Core/Startup/startup_stm32f401ccux.o
                                         0x5f (size before relaxing)
 .debug_str     0x000000000008be16      0x9ae ./Drivers/STM32F4xx_HAL_Driver/Src/stm32f4xx_hal.o
                                      0x877ee (size before relaxing)
 .debug_str     0x000000000008c7c4      0x34d ./Drivers/STM32F4xx_HAL_Driver/Src/stm32f4xx_hal_cortex.o
                                      0x8750f (size before relaxing)
 .debug_str     0x000000000008cb11      0x11c ./Drivers/STM32F4xx_HAL_Driver/Src/stm32f4xx_hal_gpio.o
                                      0x86f47 (size before relaxing)
 .debug_str     0x000000000008cc2d      0xac5 ./Drivers/STM32F4xx_HAL_Driver/Src/stm32f4xx_hal_i2c.o
                                      0x87d8a (size before relaxing)
 .debug_str     0x000000000008d6f2      0x832 ./Drivers/STM32F4xx_HAL_Driver/Src/stm32f4xx_hal_pcd.o
                                      0x8787c (size before relaxing)
 .debug_str     0x000000000008df24      0x115 ./Drivers/STM32F4xx_HAL_Driver/Src/stm32f4xx_hal_pcd_ex.o
                                      0x8716b (size before relaxing)
 .debug_str     0x000000000008e039      0x1ff ./Drivers/STM32F4xx_HAL_Driver/Src/stm32f4xx_hal_rcc.o
                                      0x87200 (size before relaxing)
 .debug_str     0x000000000008e238      0xdd0 ./Drivers/STM32F4xx_HAL_Driver/Src/stm32f4xx_hal_tim.o
                                      0x88134 (size before relaxing)
 .debug_str     0x000000000008f008      0x493 ./Drivers/STM32F4xx_HAL_Driver/Src/stm32f4xx_hal_tim_ex.o
                                      0x87950 (size before relaxing)
 .debug_str     0x000000000008f49b      0x444 ./Drivers/STM32F4xx_HAL_Driver/Src/stm32f4xx_ll_usb.o
                                      0x876e4 (size before relaxing)
 .debug_str     0x000000000008f8df      0xa3b ./Middlewares/ST/STM32_USB_Device_Library/Class/CDC/Src/usbd_cdc.o
                                      0x8bda4 (size before relaxing)
 .debug_str     0x000000000009031a      0x35c ./Middlewares/ST/STM32_USB_Device_Library/Core/Src/usbd_core.o
                                      0x8b71a (size before relaxing)
 .debug_str     0x0000000000090676      0x139 ./Middlewares/ST/STM32_USB_Device_Library/Core/Src/usbd_ctlreq.o
                                      0x8b545 (size before relaxing)
 .debug_str     0x00000000000907af       0x51 ./Middlewares/ST/STM32_USB_Device_Library/Core/Src/usbd_ioreq.o
                                      0x8b41a (size before relaxing)
 .debug_str     0x0000000000090800      0x105 ./USB_DEVICE/App/usb_device.o
                                      0x8b7cd (size before relaxing)
 .debug_str     0x0000000000090905       0xa1 ./USB_DEVICE/App/usbd_cdc_if.o
                                      0x8b80d (size before relaxing)
 .debug_str     0x00000000000909a6      0x26e ./USB_DEVICE/App/usbd_desc.o
                                      0x8b31a (size before relaxing)
 .debug_str     0x0000000000090c14       0x73 ./USB_DEVICE/Target/usbd_conf.o
                                      0x8c4a2 (size before relaxing)

.debug_frame    0x0000000000000000     0x51b0
 .debug_frame   0x0000000000000000       0xd0 ./Core/Src/main.o
 .debug_frame   0x00000000000000d0       0xf4 ./Core/Src/stm32f4xx_hal_msp.o
 .debug_frame   0x00000000000001c4      0x120 ./Core/Src/stm32f4xx_it.o
 .debug_frame   0x00000000000002e4       0x58 ./Core/Src/system_stm32f4xx.o
 .debug_frame   0x000000000000033c      0x374 ./Drivers/STM32F4xx_HAL_Driver/Src/stm32f4xx_hal.o
 .debug_frame   0x00000000000006b0      0x498 ./Drivers/STM32F4xx_HAL_Driver/Src/stm32f4xx_hal_cortex.o
 .debug_frame   0x0000000000000b48      0x14c ./Drivers/STM32F4xx_HAL_Driver/Src/stm32f4xx_hal_gpio.o
 .debug_frame   0x0000000000000c94      0xc5c ./Drivers/STM32F4xx_HAL_Driver/Src/stm32f4xx_hal_i2c.o
 .debug_frame   0x00000000000018f0      0x5bc ./Drivers/STM32F4xx_HAL_Driver/Src/stm32f4xx_hal_pcd.o
 .debug_frame   0x0000000000001eac       0xb0 ./Drivers/STM32F4xx_HAL_Driver/Src/stm32f4xx_hal_pcd_ex.o
 .debug_frame   0x0000000000001f5c      0x1f4 ./Drivers/STM32F4xx_HAL_Driver/Src/stm32f4xx_hal_rcc.o
 .debug_frame   0x0000000000002150     0x11bc ./Drivers/STM32F4xx_HAL_Driver/Src/stm32f4xx_hal_tim.o
 .debug_frame   0x000000000000330c      0x638 ./Drivers/STM32F4xx_HAL_Driver/Src/stm32f4xx_hal_tim_ex.o
 .debug_frame   0x0000000000003944      0x7c0 ./Drivers/STM32F4xx_HAL_Driver/Src/stm32f4xx_ll_usb.o
 .debug_frame   0x0000000000004104      0x23c ./Middlewares/ST/STM32_USB_Device_Library/Class/CDC/Src/usbd_cdc.o
 .debug_frame   0x0000000000004340      0x390 ./Middlewares/ST/STM32_USB_Device_Library/Core/Src/usbd_core.o
 .debug_frame   0x00000000000046d0      0x23c ./Middlewares/ST/STM32_USB_Device_Library/Core/Src/usbd_ctlreq.o
 .debug_frame   0x000000000000490c      0x10c ./Middlewares/ST/STM32_USB_Device_Library/Core/Src/usbd_ioreq.o
 .debug_frame   0x0000000000004a18       0x2c ./USB_DEVICE/App/usb_device.o
 .debug_frame   0x0000000000004a44       0xe4 ./USB_DEVICE/App/usbd_cdc_if.o
 .debug_frame   0x0000000000004b28      0x160 ./USB_DEVICE/App/usbd_desc.o